ARM Linker, 5.03 [Build 76] [MDK-ARM Standard]

==============================================================================

Section Cross References

    startup_stm32f10x_hd.o(RESET) refers to startup_stm32f10x_hd.o(STACK) for __initial_sp
    startup_stm32f10x_hd.o(RESET) refers to startup_stm32f10x_hd.o(.text) for Reset_Handler
    startup_stm32f10x_hd.o(RESET) refers to stm32f10x_it.o(i.NMI_Handler) for NMI_Handler
    startup_stm32f10x_hd.o(RESET) refers to stm32f10x_it.o(i.HardFault_Handler) for HardFault_Handler
    startup_stm32f10x_hd.o(RESET) refers to stm32f10x_it.o(i.MemManage_Handler) for MemManage_Handler
    startup_stm32f10x_hd.o(RESET) refers to stm32f10x_it.o(i.BusFault_Handler) for BusFault_Handler
    startup_stm32f10x_hd.o(RESET) refers to stm32f10x_it.o(i.UsageFault_Handler) for UsageFault_Handler
    startup_stm32f10x_hd.o(RESET) refers to stm32f10x_it.o(i.SVC_Handler) for SVC_Handler
    startup_stm32f10x_hd.o(RESET) refers to stm32f10x_it.o(i.DebugMon_Handler) for DebugMon_Handler
    startup_stm32f10x_hd.o(RESET) refers to stm32f10x_it.o(i.PendSV_Handler) for PendSV_Handler
    startup_stm32f10x_hd.o(RESET) refers to stm32f10x_it.o(i.SysTick_Handler) for SysTick_Handler
    startup_stm32f10x_hd.o(RESET) refers to stm32f10x_it.o(i.WWDG_IRQHandler) for WWDG_IRQHandler
    startup_stm32f10x_hd.o(RESET) refers to stm32f10x_it.o(i.RTC_IRQHandler) for RTC_IRQHandler
    startup_stm32f10x_hd.o(RESET) refers to stm32f10x_it.o(i.TIM3_IRQHandler) for TIM3_IRQHandler
    startup_stm32f10x_hd.o(RESET) refers to stm32f10x_it.o(i.USART1_IRQHandler) for USART1_IRQHandler
    startup_stm32f10x_hd.o(RESET) refers to stm32f10x_it.o(i.USART2_IRQHandler) for USART2_IRQHandler
    startup_stm32f10x_hd.o(RESET) refers to stm32f10x_it.o(i.USART3_IRQHandler) for USART3_IRQHandler
    startup_stm32f10x_hd.o(RESET) refers to stm32f10x_it.o(i.UART4_IRQHandler) for UART4_IRQHandler
    startup_stm32f10x_hd.o(.text) refers to system_stm32f10x.o(i.SystemInit) for SystemInit
    startup_stm32f10x_hd.o(.text) refers to entry.o(.ARM.Collect$$$$00000000) for __main
    system_stm32f10x.o(i.SetSysClock) refers to system_stm32f10x.o(i.SetSysClockTo72) for SetSysClockTo72
    system_stm32f10x.o(i.SystemCoreClockUpdate) refers to system_stm32f10x.o(.data) for SystemCoreClock
    system_stm32f10x.o(i.SystemInit) refers to system_stm32f10x.o(i.SetSysClock) for SetSysClock
    stm32f10x_adc.o(i.ADC_DeInit) refers to stm32f10x_rcc.o(i.RCC_APB2PeriphResetCmd) for RCC_APB2PeriphResetCmd
    stm32f10x_bkp.o(i.BKP_DeInit) refers to stm32f10x_rcc.o(i.RCC_BackupResetCmd) for RCC_BackupResetCmd
    stm32f10x_can.o(i.CAN_DeInit) refers to stm32f10x_rcc.o(i.RCC_APB1PeriphResetCmd) for RCC_APB1PeriphResetCmd
    stm32f10x_can.o(i.CAN_GetITStatus) refers to stm32f10x_can.o(i.CheckITStatus) for CheckITStatus
    stm32f10x_cec.o(i.CEC_DeInit) refers to stm32f10x_rcc.o(i.RCC_APB1PeriphResetCmd) for RCC_APB1PeriphResetCmd
    stm32f10x_dac.o(i.DAC_DeInit) refers to stm32f10x_rcc.o(i.RCC_APB1PeriphResetCmd) for RCC_APB1PeriphResetCmd
    stm32f10x_flash.o(i.FLASH_EnableWriteProtection) refers to stm32f10x_flash.o(i.FLASH_WaitForLastOperation) for FLASH_WaitForLastOperation
    stm32f10x_flash.o(i.FLASH_EraseAllBank1Pages) refers to stm32f10x_flash.o(i.FLASH_WaitForLastBank1Operation) for FLASH_WaitForLastBank1Operation
    stm32f10x_flash.o(i.FLASH_EraseAllPages) refers to stm32f10x_flash.o(i.FLASH_WaitForLastOperation) for FLASH_WaitForLastOperation
    stm32f10x_flash.o(i.FLASH_EraseOptionBytes) refers to stm32f10x_flash.o(i.FLASH_GetReadOutProtectionStatus) for FLASH_GetReadOutProtectionStatus
    stm32f10x_flash.o(i.FLASH_EraseOptionBytes) refers to stm32f10x_flash.o(i.FLASH_WaitForLastOperation) for FLASH_WaitForLastOperation
    stm32f10x_flash.o(i.FLASH_ErasePage) refers to stm32f10x_flash.o(i.FLASH_WaitForLastOperation) for FLASH_WaitForLastOperation
    stm32f10x_flash.o(i.FLASH_ProgramHalfWord) refers to stm32f10x_flash.o(i.FLASH_WaitForLastOperation) for FLASH_WaitForLastOperation
    stm32f10x_flash.o(i.FLASH_ProgramOptionByteData) refers to stm32f10x_flash.o(i.FLASH_WaitForLastOperation) for FLASH_WaitForLastOperation
    stm32f10x_flash.o(i.FLASH_ProgramWord) refers to stm32f10x_flash.o(i.FLASH_WaitForLastOperation) for FLASH_WaitForLastOperation
    stm32f10x_flash.o(i.FLASH_ReadOutProtection) refers to stm32f10x_flash.o(i.FLASH_WaitForLastOperation) for FLASH_WaitForLastOperation
    stm32f10x_flash.o(i.FLASH_UserOptionByteConfig) refers to stm32f10x_flash.o(i.FLASH_WaitForLastOperation) for FLASH_WaitForLastOperation
    stm32f10x_flash.o(i.FLASH_WaitForLastBank1Operation) refers to stm32f10x_flash.o(i.FLASH_GetBank1Status) for FLASH_GetBank1Status
    stm32f10x_flash.o(i.FLASH_WaitForLastOperation) refers to stm32f10x_flash.o(i.FLASH_GetBank1Status) for FLASH_GetBank1Status
    stm32f10x_gpio.o(i.GPIO_AFIODeInit) refers to stm32f10x_rcc.o(i.RCC_APB2PeriphResetCmd) for RCC_APB2PeriphResetCmd
[...]
    i.DMA_Cmd                                0x08000c10   Section        0  stm32f10x_dma.o(i.DMA_Cmd)
    i.DMA_GetCurrDataCounter                 0x08000c28   Section        0  stm32f10x_dma.o(i.DMA_GetCurrDataCounter)
    i.DMA_Init                               0x08000c30   Section        0  stm32f10x_dma.o(i.DMA_Init)
    i.DMA_UART3_RecevDataGet                 0x08000c6c   Section        0  main.o(i.DMA_UART3_RecevDataGet)
    i.DMA_UART3_RecevDetect                  0x08000da0   Section        0  main.o(i.DMA_UART3_RecevDetect)
    i.DS2780_CapacityInit                    0x08000e74   Section        0  ds2780.o(i.DS2780_CapacityInit)
    i.DS2780_DQ_IN                           0x08000e80   Section        0  ds2780.o(i.DS2780_DQ_IN)
    i.DS2780_DQ_OUT                          0x08000ea4   Section        0  ds2780.o(i.DS2780_DQ_OUT)
    i.DS2780_Test                            0x08000ed0   Section        0  ds2780.o(i.DS2780_Test)
    i.DataRead_From_Flash                    0x080010f4   Section        0  flash.o(i.DataRead_From_Flash)
    i.DataWrite_To_Flash                     0x080011d4   Section        0  flash.o(i.DataWrite_To_Flash)
    i.DebugMon_Handler                       0x080012b8   Section        0  stm32f10x_it.o(i.DebugMon_Handler)
    i.Delay_us                               0x080012f4   Section        0  bsp_systick.o(i.Delay_us)
    i.DeviceStartupRequest                   0x0800132c   Section        0  aiderprotocol.o(i.DeviceStartupRequest)
    i.Find_SpecialString                     0x08001534   Section        0  gprs.o(i.Find_SpecialString)
    i.GPIO_Init                              0x080015c8   Section        0  stm32f10x_gpio.o(i.GPIO_Init)
    i.GPIO_ReadInputDataBit                  0x080016da   Section        0  stm32f10x_gpio.o(i.GPIO_ReadInputDataBit)
    i.GPIO_ResetBits                         0x080016ec   Section        0  stm32f10x_gpio.o(i.GPIO_ResetBits)
    i.GPIO_SetBits                           0x080016f0   Section        0  stm32f10x_gpio.o(i.GPIO_SetBits)
    i.GetNetworkID                           0x080016f4   Section        0  433_wiminet.o(i.GetNetworkID)
    i.GetNodeBreathPeriod                    0x080017a0   Section        0  433_wiminet.o(i.GetNodeBreathPeriod)
    i.GetNodeBreathTime                      0x0800184c   Section        0  433_wiminet.o(i.GetNodeBreathTime)
    i.GetNodeCentralFrequency                0x080018f8   Section        0  433_wiminet.o(i.GetNodeCentralFrequency)
    i.GetNodeFrequencyExpandBandwidth        0x080019f8   Section        0  433_wiminet.o(i.GetNodeFrequencyExpandBandwidth)
    i.GetNodeFrequencyExpandFactor           0x08001aa4   Section        0  433_wiminet.o(i.GetNodeFrequencyExpandFactor)
    i.GetNodeID                              0x08001b50   Section        0  433_wiminet.o(i.GetNodeID)
    i.GetNodeSendPowerGrade                  0x08001c04   Section        0  433_wiminet.o(i.GetNodeSendPowerGrade)
    i.GetResponse                            0x08001cb0   Section        0  aiderprotocol.o(i.GetResponse)
    i.GregorianDay                           0x080022f4   Section        0  bsp_date.o(i.GregorianDay)
    i.HardFault_Handler                      0x08002388   Section        0  stm32f10x_it.o(i.HardFault_Handler)
    i.IMP_SendMessage                        0x080023c0   Section        0  433_wiminet.o(i.IMP_SendMessage)
    i.InitCommandMessage                     0x080023d2   Section        0  433_wiminet.o(i.InitCommandMessage)
    i.IsValidNodeMsg                         0x080023e2   Section        0  433_wiminet.o(i.IsValidNodeMsg)
    i.MemManage_Handler                      0x08002428   Section        0  stm32f10x_it.o(i.MemManage_Handler)
    i.NMI_Handler                            0x08002460   Section        0  stm32f10x_it.o(i.NMI_Handler)
    i.NVIC_Init                              0x08002488   Section        0  misc.o(i.NVIC_Init)
    i.NVIC_PriorityGroupConfig               0x080024fc   Section        0  misc.o(i.NVIC_PriorityGroupConfig)
    i.PWR_BackupAccessCmd                    0x08002510   Section        0  stm32f10x_pwr.o(i.PWR_BackupAccessCmd)
    i.PWR_EnterSTANDBYMode                   0x0800251c   Section        0  stm32f10x_pwr.o(i.PWR_EnterSTANDBYMode)
    i.PWR_WakeUpPinCmd                       0x08002550   Section        0  stm32f10x_pwr.o(i.PWR_WakeUpPinCmd)
    i.ParameterConfig_SX1278                 0x0800255c   Section        0  gprs.o(i.ParameterConfig_SX1278)
    i.ParameterInquire_SX1278                0x08002a78   Section        0  gprs.o(i.ParameterInquire_SX1278)
    i.PendSV_Handler                         0x08002a7c   Section        0  stm32f10x_it.o(i.PendSV_Handler)
    i.PeripheralInit                         0x08002ab4   Section        0  main.o(i.PeripheralInit)
    i.Pressure_DataGet                       0x08002bb4   Section        0  main.o(i.Pressure_DataGet)
    i.RCC_AHBPeriphClockCmd                  0x08002cdc   Section        0  stm32f10x_rcc.o(i.RCC_AHBPeriphClockCmd)
    i.RCC_APB1PeriphClockCmd                 0x08002cfc   Section        0  stm32f10x_rcc.o(i.RCC_APB1PeriphClockCmd)
    i.RCC_APB1PeriphResetCmd                 0x08002d1c   Section        0  stm32f10x_rcc.o(i.RCC_APB1PeriphResetCmd)
    i.RCC_APB2PeriphClockCmd                 0x08002d3c   Section        0  stm32f10x_rcc.o(i.RCC_APB2PeriphClockCmd)
    i.RCC_APB2PeriphResetCmd                 0x08002d5c   Section        0  stm32f10x_rcc.o(i.RCC_APB2PeriphResetCmd)
    i.RCC_BackupResetCmd                     0x08002d7c   Section        0  stm32f10x_rcc.o(i.RCC_BackupResetCmd)
    i.RCC_ClearFlag                          0x08002d88   Section        0  stm32f10x_rcc.o(i.RCC_ClearFlag)
    i.RCC_GetClocksFreq                      0x08002d9c   Section        0  stm32f10x_rcc.o(i.RCC_GetClocksFreq)
    i.RCC_GetFlagStatus                      0x08002e70   Section        0  stm32f10x_rcc.o(i.RCC_GetFlagStatus)
    i.RCC_LSEConfig                          0x08002eac   Section        0  stm32f10x_rcc.o(i.RCC_LSEConfig)
    i.RCC_RTCCLKCmd                          0x08002ee0   Section        0  stm32f10x_rcc.o(i.RCC_RTCCLKCmd)
    i.RCC_RTCCLKConfig                       0x08002eec   Section        0  stm32f10x_rcc.o(i.RCC_RTCCLKConfig)
    i.RTC_CheckAndConfig                     0x08002efc   Section        0  bsp_rtc.o(i.RTC_CheckAndConfig)
    i.RTC_ClearFlag                          0x08002f44   Section        0  stm32f10x_rtc.o(i.RTC_ClearFlag)
    i.RTC_ClearITPendingBit                  0x08002f54   Section        0  stm32f10x_rtc.o(i.RTC_ClearITPendingBit)
    i.RTC_Configuration                      0x08002f64   Section        0  bsp_rtc.o(i.RTC_Configuration)
    i.RTC_EnterConfigMode                    0x08002fb8   Section        0  stm32f10x_rtc.o(i.RTC_EnterConfigMode)
    i.RTC_ExitConfigMode                     0x08002fcc   Section        0  stm32f10x_rtc.o(i.RTC_ExitConfigMode)
    i.RTC_GetCounter                         0x08002fe0   Section        0  stm32f10x_rtc.o(i.RTC_GetCounter)
    i.RTC_GetITStatus                        0x08002ff4   Section        0  stm32f10x_rtc.o(i.RTC_GetITStatus)
    i.RTC_IRQHandler                         0x08003018   Section        0  stm32f10x_it.o(i.RTC_IRQHandler)
    i.RTC_NVIC_Config                        0x08003054   Section        0  bsp_rtc.o(i.RTC_NVIC_Config)
    i.RTC_SetAlarm                           0x0800307c   Section        0  stm32f10x_rtc.o(i.RTC_SetAlarm)
    i.RTC_SetCounter                         0x08003098   Section        0  stm32f10x_rtc.o(i.RTC_SetCounter)
    i.RTC_SetPrescaler                       0x080030b4   Section        0  stm32f10x_rtc.o(i.RTC_SetPrescaler)
    i.RTC_WaitForLastTask                    0x080030d4   Section        0  stm32f10x_rtc.o(i.RTC_WaitForLastTask)
    i.RTC_WaitForSynchro                     0x080030e8   Section        0  stm32f10x_rtc.o(i.RTC_WaitForSynchro)
    i.ReceiveMessageVerify                   0x08003108   Section        0  433_wiminet.o(i.ReceiveMessageVerify)
    i.Receive_Data_Analysis                  0x080031bc   Section        0  gprs.o(i.Receive_Data_Analysis)
    i.ReverseBitOrder08                      0x080033c4   Section        0  433_wiminet.o(i.ReverseBitOrder08)
    i.ReverseBitOrder16                      0x080033e4   Section        0  433_wiminet.o(i.ReverseBitOrder16)
    i.SPI_Cmd                                0x08003408   Section        0  stm32f10x_spi.o(i.SPI_Cmd)
    i.SPI_FLASH_BufferRead                   0x08003420   Section        0  flash.o(i.SPI_FLASH_BufferRead)
    i.SPI_FLASH_BufferWrite                  0x08003474   Section        0  flash.o(i.SPI_FLASH_BufferWrite)
    i.SPI_FLASH_Init                         0x08003598   Section        0  flash.o(i.SPI_FLASH_Init)
    i.SPI_FLASH_PageWrite                    0x0800365c   Section        0  flash.o(i.SPI_FLASH_PageWrite)
    i.SPI_FLASH_ReadDeviceID                 0x080036c0   Section        0  flash.o(i.SPI_FLASH_ReadDeviceID)
    i.SPI_FLASH_ReadID                       0x08003700   Section        0  flash.o(i.SPI_FLASH_ReadID)
    i.SPI_FLASH_SectorErase                  0x08003754   Section        0  flash.o(i.SPI_FLASH_SectorErase)
    i.SPI_FLASH_SendByte                     0x0800379c   Section        0  flash.o(i.SPI_FLASH_SendByte)
    i.SPI_FLASH_WaitForWriteEnd              0x080037d4   Section        0  flash.o(i.SPI_FLASH_WaitForWriteEnd)
    i.SPI_FLASH_WriteEnable                  0x08003808   Section        0  flash.o(i.SPI_FLASH_WriteEnable)
    i.SPI_Flash_PowerDown                    0x0800382c   Section        0  flash.o(i.SPI_Flash_PowerDown)
    i.SPI_I2S_GetFlagStatus                  0x08003850   Section        0  stm32f10x_spi.o(i.SPI_I2S_GetFlagStatus)
    i.SPI_I2S_ReceiveData                    0x08003862   Section        0  stm32f10x_spi.o(i.SPI_I2S_ReceiveData)
    i.SPI_I2S_SendData                       0x08003868   Section        0  stm32f10x_spi.o(i.SPI_I2S_SendData)
    i.SPI_Init                               0x0800386c   Section        0  stm32f10x_spi.o(i.SPI_Init)
    i.SVC_Handler                            0x080038a8   Section        0  stm32f10x_it.o(i.SVC_Handler)
    i.SendMessage                            0x080038dc   Section        0  433_wiminet.o(i.SendMessage)
    i.SenserDataCollect                      0x080039dc   Section        0  main.o(i.SenserDataCollect)
    i.SetNodeBreathPeriod                    0x08003b34   Section        0  433_wiminet.o(i.SetNodeBreathPeriod)
    i.SetNodeBreathTime                      0x08003c70   Section        0  433_wiminet.o(i.SetNodeBreathTime)
    i.SetNodeCentralFrequency                0x08003dac   Section        0  433_wiminet.o(i.SetNodeCentralFrequency)
    i.SetNodeFrequencyExpandBandwidth        0x08003f2c   Section        0  433_wiminet.o(i.SetNodeFrequencyExpandBandwidth)
    i.SetNodeFrequencyExpandFactor           0x08004064   Section        0  433_wiminet.o(i.SetNodeFrequencyExpandFactor)
    i.SetNodeID                              0x08004198   Section        0  433_wiminet.o(i.SetNodeID)
    i.SetNodeNetworkID                       0x08004298   Section        0  433_wiminet.o(i.SetNodeNetworkID)
    i.SetNodeSendPowerGrade                  0x08004390   Section        0  433_wiminet.o(i.SetNodeSendPowerGrade)
    i.SetSysClock                            0x080044c4   Section        0  system_stm32f10x.o(i.SetSysClock)
    SetSysClock                              0x080044c5   Thumb Code     8  system_stm32f10x.o(i.SetSysClock)
    i.SetSysClockTo72                        0x080044cc   Section        0  system_stm32f10x.o(i.SetSysClockTo72)
    SetSysClockTo72                          0x080044cd   Thumb Code   212  system_stm32f10x.o(i.SetSysClockTo72)
    i.Set_register_ds2780                    0x080045a8   Section        0  ds2780.o(i.Set_register_ds2780)
    i.SysTick_Handler                        0x08004742   Section        0  stm32f10x_it.o(i.SysTick_Handler)
    i.SysTick_Init                           0x0800474c   Section        0  bsp_systick.o(i.SysTick_Init)
    i.SystemInit                             0x080047c8   Section        0  system_stm32f10x.o(i.SystemInit)
    i.TIM3_Configuration                     0x08004828   Section        0  bsp_timbase.o(i.TIM3_Configuration)
    i.TIM3_IRQHandler                        0x0800487c   Section        0  stm32f10x_it.o(i.TIM3_IRQHandler)
    i.TIM3_NVIC_Configuration                0x080048b8   Section        0  bsp_timbase.o(i.TIM3_NVIC_Configuration)
    i.TIM_ClearFlag                          0x080048de   Section        0  stm32f10x_tim.o(i.TIM_ClearFlag)
    i.TIM_ClearITPendingBit                  0x080048e4   Section        0  stm32f10x_tim.o(i.TIM_ClearITPendingBit)
    i.TIM_Cmd                                0x080048ea   Section        0  stm32f10x_tim.o(i.TIM_Cmd)
    i.TIM_DeInit                             0x08004904   Section        0  stm32f10x_tim.o(i.TIM_DeInit)
    i.TIM_GetITStatus                        0x08004aec   Section        0  stm32f10x_tim.o(i.TIM_GetITStatus)
    i.TIM_ITConfig                           0x08004b0e   Section        0  stm32f10x_tim.o(i.TIM_ITConfig)
    i.TIM_TimeBaseInit                       0x08004b20   Section        0  stm32f10x_tim.o(i.TIM_TimeBaseInit)
    i.Temperature_DataGet                    0x08004bc4   Section        0  main.o(i.Temperature_DataGet)
    i.Time_Auto_Regulate                     0x08004d30   Section        0  bsp_rtc.o(i.Time_Auto_Regulate)
    i.Time_Display                           0x08004dd8   Section        0  bsp_rtc.o(i.Time_Display)
    i.TimingDelay_Decrement                  0x08004dec   Section        0  bsp_systick.o(i.TimingDelay_Decrement)
    i.TrapRequest                            0x08004e04   Section        0  aiderprotocol.o(i.TrapRequest)
    i.Treaty_Data_Analysis                   0x08005214   Section        0  gprs.o(i.Treaty_Data_Analysis)
    i.UART4_IRQHandler                       0x080058d8   Section        0  stm32f10x_it.o(i.UART4_IRQHandler)
    i.UART_NVIC_Configuration                0x08005978   Section        0  bsp_usart.o(i.UART_NVIC_Configuration)
    i.USART1_Config                          0x080059f8   Section        0  bsp_usart.o(i.USART1_Config)
    i.USART1_IRQHandler                      0x08005ac0   Section        0  stm32f10x_it.o(i.USART1_IRQHandler)
    i.USART2_Config                          0x08005b44   Section        0  bsp_usart.o(i.USART2_Config)
    i.USART2_DMA_Config                      0x08005bfc   Section        0  bsp_usart.o(i.USART2_DMA_Config)
    i.USART2_IRQHandler                      0x08005c54   Section        0  stm32f10x_it.o(i.USART2_IRQHandler)
    i.USART3_Config                          0x08005ce4   Section        0  bsp_usart.o(i.USART3_Config)
    i.USART3_IRQHandler                      0x08005da4   Section        0  stm32f10x_it.o(i.USART3_IRQHandler)
    i.USART4_Config                          0x08005da8   Section        0  bsp_usart.o(i.USART4_Config)
    i.USART_ClearFlag                        0x08005e54   Section        0  stm32f10x_usart.o(i.USART_ClearFlag)
    i.USART_ClearITPendingBit                0x08005e66   Section        0  stm32f10x_usart.o(i.USART_ClearITPendingBit)
    i.USART_Cmd                              0x08005e84   Section        0  stm32f10x_usart.o(i.USART_Cmd)
    i.USART_DMACmd                           0x08005e9c   Section        0  stm32f10x_usart.o(i.USART_DMACmd)
    i.USART_DataBlock_Send                   0x08005eae   Section        0  gprs.o(i.USART_DataBlock_Send)
    i.USART_GetFlagStatus                    0x08005ede   Section        0  stm32f10x_usart.o(i.USART_GetFlagStatus)
    i.USART_GetITStatus                      0x08005ef8   Section        0  stm32f10x_usart.o(i.USART_GetITStatus)
    i.USART_ITConfig                         0x08005f4c   Section        0  stm32f10x_usart.o(i.USART_ITConfig)
    i.USART_Init                             0x08005f98   Section        0  stm32f10x_usart.o(i.USART_Init)
    i.USART_ReceiveData                      0x08006070   Section        0  stm32f10x_usart.o(i.USART_ReceiveData)
    i.USART_SendData                         0x0800607a   Section        0  stm32f10x_usart.o(i.USART_SendData)
    i.UpdateNodeMsgCRC                       0x08006082   Section        0  433_wiminet.o(i.UpdateNodeMsgCRC)
    i.UploadFlash                            0x080060ac   Section        0  gprs.o(i.UploadFlash)
    i.UsageFault_Handler                     0x08006220   Section        0  stm32f10x_it.o(i.UsageFault_Handler)
    i.WWDG_ClearFlag                         0x08006258   Section        0  stm32f10x_wwdg.o(i.WWDG_ClearFlag)
    i.WWDG_Enable                            0x08006264   Section        0  stm32f10x_wwdg.o(i.WWDG_Enable)
    i.WWDG_EnableIT                          0x08006274   Section        0  stm32f10x_wwdg.o(i.WWDG_EnableIT)
    i.WWDG_IRQHandler                        0x08006280   Section        0  stm32f10x_it.o(i.WWDG_IRQHandler)
    i.WWDG_Init                              0x080062ac   Section        0  watchdog.o(i.WWDG_Init)
    i.WWDG_SetCounter                        0x0800630c   Section        0  stm32f10x_wwdg.o(i.WWDG_SetCounter)
    i.WWDG_SetPrescaler                      0x0800631c   Section        0  stm32f10x_wwdg.o(i.WWDG_SetPrescaler)
    i.WWDG_SetWindowValue                    0x08006334   Section        0  stm32f10x_wwdg.o(i.WWDG_SetWindowValue)
    i.WakeupResponse                         0x0800635c   Section        0  aiderprotocol.o(i.WakeupResponse)
    i.__0printf                              0x08006540   Section        0  printfa.o(i.__0printf)
    i.__scatterload_copy                     0x08006560   Section       14  handlers.o(i.__scatterload_copy)
    i.__scatterload_null                     0x0800656e   Section        2  handlers.o(i.__scatterload_null)
    i.__scatterload_zeroinit                 0x08006570   Section       14  handlers.o(i.__scatterload_zeroinit)
    i._fp_digits                             0x08006580   Section        0  printfa.o(i._fp_digits)
    _fp_digits                               0x08006581   Thumb Code   326  printfa.o(i._fp_digits)
    i._printf_core                           0x080066dc   Section        0  printfa.o(i._printf_core)
    _printf_core                             0x080066dd   Thumb Code  1762  printfa.o(i._printf_core)
    i._printf_post_padding                   0x08006dcc   Section        0  printfa.o(i._printf_post_padding)
    _printf_post_padding                     0x08006dcd   Thumb Code    38  printfa.o(i._printf_post_padding)
    i._printf_pre_padding                    0x08006df2   Section        0  printfa.o(i._printf_pre_padding)
    _printf_pre_padding                      0x08006df3   Thumb Code    48  printfa.o(i._printf_pre_padding)
    i.copy_data_ds2780                       0x08006e22   Section        0  ds2780.o(i.copy_data_ds2780)
    i.fputc                                  0x08006e38   Section        0  bsp_usart.o(i.fputc)
    i.get_ACR                                0x08006e5c   Section        0  ds2780.o(i.get_ACR)
    i.get_RAAC                               0x08006ee0   Section        0  ds2780.o(i.get_RAAC)
    i.get_current                            0x08006f30   Section        0  ds2780.o(i.get_current)
    i.get_voltage                            0x08006fbc   Section        0  ds2780.o(i.get_voltage)
    i.gotoSleep                              0x08007014   Section        0  common.o(i.gotoSleep)
    i.main                                   0x0800710c   Section        0  main.o(i.main)
    i.mktimev                                0x0800728c   Section        0  bsp_date.o(i.mktimev)
    i.mput_mix                               0x08007310   Section        0  gprs.o(i.mput_mix)
    i.mput_mix_sx1278                        0x08007368   Section        0  gprs.o(i.mput_mix_sx1278)
    i.ntohl                                  0x080073dc   Section        0  api-platform.o(i.ntohl)
    i.ntohs                                  0x080073f6   Section        0  api-platform.o(i.ntohs)
    i.read_bit                               0x08007404   Section        0  ds2780.o(i.read_bit)
    i.read_byte                              0x0800743c   Section        0  ds2780.o(i.read_byte)
    i.read_byte_data                         0x0800745e   Section        0  ds2780.o(i.read_byte_data)
    i.reset                                  0x08007478   Section        0  ds2780.o(i.reset)
    i.set_ACR                                0x080074bc   Section        0  ds2780.o(i.set_ACR)
    i.to_tm                                  0x08007520   Section        0  bsp_date.o(i.to_tm)
    i.write_byte                             0x080075ec   Section        0  ds2780.o(i.write_byte)
    i.write_data                             0x08007648   Section        0  ds2780.o(i.write_data)
    i.write_ds2780_cmd                       0x08007666   Section        0  ds2780.o(i.write_ds2780_cmd)
    .constdata                               0x08007694   Section       52  bsp_date.o(.constdata)
    .data                                    0x20000000   Section       20  system_stm32f10x.o(.data)
    .data                                    0x20000014   Section       20  stm32f10x_rcc.o(.data)
    APBAHBPrescTable                         0x20000014   Data          16  stm32f10x_rcc.o(.data)
    ADCPrescTable                            0x20000024   Data           4  stm32f10x_rcc.o(.data)
    .data                                    0x20000028   Section       13  main.o(.data)
    .data                                    0x20000038   Section        4  bsp_systick.o(.data)
    TimingDelay                              0x20000038   Data           4  bsp_systick.o(.data)
    .data                                    0x2000003c   Section        2  gprs.o(.data)
    .data                                    0x2000003e   Section        5  modbus.o(.data)
    .data                                    0x20000044   Section       48  bsp_date.o(.data)
    month_days                               0x20000044   Data          48  bsp_date.o(.data)
    .data                                    0x20000074   Section        1  watchdog.o(.data)
    .data                                    0x20000078   Section        9  flash.o(.data)
    .data                                    0x20000081   Section        1  ds2780.o(.data)
    RegB                                     0x20000081   Data           1  ds2780.o(.data)
    .data                                    0x20000084   Section        4  rand.o(.data)
    _rand_state                              0x20000084   Data           4  rand.o(.data)
    .data                                    0x20000088   Section        4  stdout.o(.data)
    .bss                                     0x2000008c   Section      760  main.o(.bss)
    DMA_USART3_RecevIndicator                0x20000374   Data          16  main.o(.bss)
    .bss                                     0x20000384   Section      300  gprs.o(.bss)
    .bss                                     0x200004b0   Section      200  modbus.o(.bss)
    .bss                                     0x20000578   Section     1013  aiderprotocol.o(.bss)
    StartupSend                              0x20000578   Data         399  aiderprotocol.o(.bss)
    GetRespSend                              0x20000707   Data         399  aiderprotocol.o(.bss)
    TrapSend                                 0x20000896   Data         215  aiderprotocol.o(.bss)
    STACK                                    0x20000970   Section     1024  startup_stm32f10x_hd.o(STACK)

    Global Symbols

    Symbol Name                              Value     Ov Type        Size  Object(Section)

    BuildAttributes$$THM_ISAv4$P$D$K$B$S$PE$A:L22UL41UL21$X:L11$S22US41US21$IEEE1$IW$USESV6$~STKCKD$USESV7$~SHL$OTIME$ROPI$IEEEX$EBA8$MICROLIB$REQ8$PRES8$EABIv2 0x00000000   Number         0  anon$$obj.o ABSOLUTE
    __ARM_use_no_argv                        0x00000000   Number         0  main.o ABSOLUTE
    _printf_a                                0x00000000   Number         0  stubs.o ABSOLUTE
    _printf_c                                0x00000000   Number         0  stubs.o ABSOLUTE
    _printf_charcount                        0x00000000   Number         0  stubs.o ABSOLUTE
    _printf_d                                0x00000000   Number         0  stubs.o ABSOLUTE
    _printf_e                                0x00000000   Number         0  stubs.o ABSOLUTE
    _printf_f                                0x00000000   Number         0  stubs.o ABSOLUTE
    _printf_flags                            0x00000000   Number         0  stubs.o ABSOLUTE
    _printf_fp_dec                           0x00000000   Number         0  stubs.o ABSOLUTE
    _printf_fp_hex                           0x00000000   Number         0  stubs.o ABSOLUTE
    _printf_g                                0x00000000   Number         0  stubs.o ABSOLUTE
    _printf_i                                0x00000000   Number         0  stubs.o ABSOLUTE
    _printf_int_dec                          0x00000000   Number         0  stubs.o ABSOLUTE
    _printf_l                                0x00000000   Number         0  stubs.o ABSOLUTE
    _printf_lc                               0x00000000   Number         0  stubs.o ABSOLUTE
    _printf_ll                               0x00000000   Number         0  stubs.o ABSOLUTE
    _printf_lld                              0x00000000   Number         0  stubs.o ABSOLUTE
    _printf_lli                              0x00000000   Number         0  stubs.o ABSOLUTE
    _printf_llo                              0x00000000   Number         0  stubs.o ABSOLUTE
    _printf_llu                              0x00000000   Number         0  stubs.o ABSOLUTE
    _printf_llx                              0x00000000   Number         0  stubs.o ABSOLUTE
    _printf_longlong_dec                     0x00000000   Number         0  stubs.o ABSOLUTE
    _printf_longlong_hex                     0x00000000   Number         0  stubs.o ABSOLUTE
    _printf_longlong_oct                     0x00000000   Number         0  stubs.o ABSOLUTE
    _printf_ls                               0x00000000   Number         0  stubs.o ABSOLUTE
    _printf_mbtowc                           0x00000000   Number         0  stubs.o ABSOLUTE
    _printf_n                                0x00000000   Number         0  stubs.o ABSOLUTE
    _printf_o                                0x00000000   Number         0  stubs.o ABSOLUTE
    _printf_p                                0x00000000   Number         0  stubs.o ABSOLUTE
    _printf_percent                          0x00000000   Number         0  stubs.o ABSOLUTE
    _printf_pre_padding                      0x00000000   Number         0  stubs.o ABSOLUTE
    _printf_return_value                     0x00000000   Number         0  stubs.o ABSOLUTE
    _printf_s                                0x00000000   Number         0  stubs.o ABSOLUTE
    _printf_sizespec                         0x00000000   Number         0  stubs.o ABSOLUTE
    _printf_str                              0x00000000   Number         0  stubs.o ABSOLUTE
    _printf_truncate_signed                  0x00000000   Number         0  stubs.o ABSOLUTE
    _printf_truncate_unsigned                0x00000000   Number         0  stubs.o ABSOLUTE
    _printf_u                                0x00000000   Number         0  stubs.o ABSOLUTE
    _printf_wc                               0x00000000   Number         0  stubs.o ABSOLUTE
    _printf_wctomb                           0x00000000   Number         0  stubs.o ABSOLUTE
    _printf_widthprec                        0x00000000   Number         0  stubs.o ABSOLUTE
    _printf_x                                0x00000000   Number         0  stubs.o ABSOLUTE
    __cpp_initialize__aeabi_                  - Undefined Weak Reference
    __cxa_finalize                            - Undefined Weak Reference
    __decompress                              - Undefined Weak Reference
    _clock_init                               - Undefined Weak Reference
    _microlib_exit                            - Undefined Weak Reference
    __Vectors_Size                           0x00000130   Number         0  startup_stm32f10x_hd.o ABSOLUTE
    __Vectors                                0x08000000   Data           4  startup_stm32f10x_hd.o(RESET)
    __Vectors_End                            0x08000130   Data           0  startup_stm32f10x_hd.o(RESET)
    __main                                   0x08000131   Thumb Code     0  entry.o(.ARM.Collect$$$$00000000)
    _main_stk                                0x08000131   Thumb Code     0  entry2.o(.ARM.Collect$$$$00000001)
    _main_scatterload                        0x08000135   Thumb Code     0  entry5.o(.ARM.Collect$$$$00000004)
    __main_after_scatterload                 0x08000139   Thumb Code     0  entry5.o(.ARM.Collect$$$$00000004)
    _main_clock                              0x08000139   Thumb Code     0  entry7b.o(.ARM.Collect$$$$00000008)
    _main_cpp_init                           0x08000139   Thumb Code     0  entry8b.o(.ARM.Collect$$$$0000000A)
    _main_init                               0x08000139   Thumb Code     0  entry9a.o(.ARM.Collect$$$$0000000B)
    __rt_final_cpp                           0x08000141   Thumb Code     0  entry10a.o(.ARM.Collect$$$$0000000D)
    __rt_final_exit                          0x08000141   Thumb Code     0  entry11a.o(.ARM.Collect$$$$0000000F)
    Reset_Handler                            0x08000145   Thumb Code     8  startup_stm32f10x_hd.o(.text)
    ADC1_2_IRQHandler                        0x0800015f   Thumb Code     0  startup_stm32f10x_hd.o(.text)
    ADC3_IRQHandler                          0x0800015f   Thumb Code     0  startup_stm32f10x_hd.o(.text)
    CAN1_RX1_IRQHandler                      0x0800015f   Thumb Code     0  startup_stm32f10x_hd.o(.text)
    CAN1_SCE_IRQHandler                      0x0800015f   Thumb Code     0  startup_stm32f10x_hd.o(.text)
    DMA1_Channel1_IRQHandler                 0x0800015f   Thumb Code     0  startup_stm32f10x_hd.o(.text)
    DMA1_Channel2_IRQHandler                 0x0800015f   Thumb Code     0  startup_stm32f10x_hd.o(.text)
    DMA1_Channel3_IRQHandler                 0x0800015f   Thumb Code     0  startup_stm32f10x_hd.o(.text)
    DMA1_Channel4_IRQHandler                 0x0800015f   Thumb Code     0  startup_stm32f10x_hd.o(.text)
    DMA1_Channel5_IRQHandler                 0x0800015f   Thumb Code     0  startup_stm32f10x_hd.o(.text)
    DMA1_Channel6_IRQHandler                 0x0800015f   Thumb Code     0  startup_stm32f10x_hd.o(.text)
    DMA1_Channel7_IRQHandler                 0x0800015f   Thumb Code     0  startup_stm32f10x_hd.o(.text)
    DMA2_Channel1_IRQHandler                 0x0800015f   Thumb Code     0  startup_stm32f10x_hd.o(.text)
    DMA2_Channel2_IRQHandler                 0x0800015f   Thumb Code     0  startup_stm32f10x_hd.o(.text)
    DMA2_Channel3_IRQHandler                 0x0800015f   Thumb Code     0  startup_stm32f10x_hd.o(.text)
    DMA2_Channel4_5_IRQHandler               0x0800015f   Thumb Code     0  startup_stm32f10x_hd.o(.text)
    EXTI0_IRQHandler                         0x0800015f   Thumb Code     0  startup_stm32f10x_hd.o(.text)
    EXTI15_10_IRQHandler                     0x0800015f   Thumb Code     0  startup_stm32f10x_hd.o(.text)
    EXTI1_IRQHandler                         0x0800015f   Thumb Code     0  startup_stm32f10x_hd.o(.text)
    EXTI2_IRQHandler                         0x0800015f   Thumb Code     0  startup_stm32f10x_hd.o(.text)
    EXTI3_IRQHandler                         0x0800015f   Thumb Code     0  startup_stm32f10x_hd.o(.text)
    EXTI4_IRQHandler                         0x0800015f   Thumb Code     0  startup_stm32f10x_hd.o(.text)
    EXTI9_5_IRQHandler                       0x0800015f   Thumb Code     0  startup_stm32f10x_hd.o(.text)
    FLASH_IRQHandler                         0x0800015f   Thumb Code     0  startup_stm32f10x_hd.o(.text)
    FSMC_IRQHandler                          0x0800015f   Thumb Code     0  startup_stm32f10x_hd.o(.text)
    I2C1_ER_IRQHandler                       0x0800015f   Thumb Code     0  startup_stm32f10x_hd.o(.text)
    I2C1_EV_IRQHandler                       0x0800015f   Thumb Code     0  startup_stm32f10x_hd.o(.text)
    I2C2_ER_IRQHandler                       0x0800015f   Thumb Code     0  startup_stm32f10x_hd.o(.text)
    I2C2_EV_IRQHandler                       0x0800015f   Thumb Code     0  startup_stm32f10x_hd.o(.text)
    PVD_IRQHandler                           0x0800015f   Thumb Code     0  startup_stm32f10x_hd.o(.text)
    RCC_IRQHandler                           0x0800015f   Thumb Code     0  startup_stm32f10x_hd.o(.text)
    RTCAlarm_IRQHandler                      0x0800015f   Thumb Code     0  startup_stm32f10x_hd.o(.text)
    SDIO_IRQHandler                          0x0800015f   Thumb Code     0  startup_stm32f10x_hd.o(.text)
    SPI1_IRQHandler                          0x0800015f   Thumb Code     0  startup_stm32f10x_hd.o(.text)
    SPI2_IRQHandler                          0x0800015f   Thumb Code     0  startup_stm32f10x_hd.o(.text)
    SPI3_IRQHandler                          0x0800015f   Thumb Code     0  startup_stm32f10x_hd.o(.text)
    TAMPER_IRQHandler                        0x0800015f   Thumb Code     0  startup_stm32f10x_hd.o(.text)
    TIM1_BRK_IRQHandler                      0x0800015f   Thumb Code     0  startup_stm32f10x_hd.o(.text)
    TIM1_CC_IRQHandler                       0x0800015f   Thumb Code     0  startup_stm32f10x_hd.o(.text)
    TIM1_TRG_COM_IRQHandler                  0x0800015f   Thumb Code     0  startup_stm32f10x_hd.o(.text)
    TIM1_UP_IRQHandler                       0x0800015f   Thumb Code     0  startup_stm32f10x_hd.o(.text)
    TIM2_IRQHandler                          0x0800015f   Thumb Code     0  startup_stm32f10x_hd.o(.text)
    TIM4_IRQHandler                          0x0800015f   Thumb Code     0  startup_stm32f10x_hd.o(.text)
    TIM5_IRQHandler                          0x0800015f   Thumb Code     0  startup_stm32f10x_hd.o(.text)
    TIM6_IRQHandler                          0x0800015f   Thumb Code     0  startup_stm32f10x_hd.o(.text)
    TIM7_IRQHandler                          0x0800015f   Thumb Code     0  startup_stm32f10x_hd.o(.text)
    TIM8_BRK_IRQHandler                      0x0800015f   Thumb Code     0  startup_stm32f10x_hd.o(.text)
    TIM8_CC_IRQHandler                       0x0800015f   Thumb Code     0  startup_stm32f10x_hd.o(.text)
    TIM8_TRG_COM_IRQHandler                  0x0800015f   Thumb Code     0  startup_stm32f10x_hd.o(.text)
    TIM8_UP_IRQHandler                       0x0800015f   Thumb Code     0  startup_stm32f10x_hd.o(.text)
    UART5_IRQHandler                         0x0800015f   Thumb Code     0  startup_stm32f10x_hd.o(.text)
    USBWakeUp_IRQHandler                     0x0800015f   Thumb Code     0  startup_stm32f10x_hd.o(.text)
    USB_HP_CAN1_TX_IRQHandler                0x0800015f   Thumb Code     0  startup_stm32f10x_hd.o(.text)
    USB_LP_CAN1_RX0_IRQHandler               0x0800015f   Thumb Code     0  startup_stm32f10x_hd.o(.text)
    rand                                     0x08000169   Thumb Code    20  rand.o(.text)
    srand                                    0x0800017d   Thumb Code     6  rand.o(.text)
    __aeabi_memcpy                           0x0800018d   Thumb Code    36  memcpya.o(.text)
    __aeabi_memcpy4                          0x0800018d   Thumb Code     0  memcpya.o(.text)
    __aeabi_memcpy8                          0x0800018d   Thumb Code     0  memcpya.o(.text)
    __aeabi_memset                           0x080001b1   Thumb Code    14  memseta.o(.text)
    __aeabi_memset4                          0x080001b1   Thumb Code     0  memseta.o(.text)
    __aeabi_memset8                          0x080001b1   Thumb Code     0  memseta.o(.text)
    __aeabi_memclr                           0x080001bf   Thumb Code     4  memseta.o(.text)
    __aeabi_memclr4                          0x080001bf   Thumb Code     0  memseta.o(.text)
    __aeabi_memclr8                          0x080001bf   Thumb Code     0  memseta.o(.text)
    _memset$wrapper                          0x080001c3   Thumb Code    18  memseta.o(.text)
    __aeabi_fmul                             0x080001d5   Thumb Code   108  fmul.o(.text)
    __aeabi_fdiv                             0x08000241   Thumb Code   128  fdiv.o(.text)
    __aeabi_dadd                             0x080002c1   Thumb Code   322  dadd.o(.text)
    __aeabi_dsub                             0x08000403   Thumb Code     6  dadd.o(.text)
    __aeabi_drsub                            0x08000409   Thumb Code     6  dadd.o(.text)
    __aeabi_dmul                             0x0800040f   Thumb Code   228  dmul.o(.text)
    __aeabi_ddiv                             0x080004f3   Thumb Code   222  ddiv.o(.text)
    __aeabi_i2f                              0x080005d1   Thumb Code    18  fflti.o(.text)
    __aeabi_i2d                              0x080005e3   Thumb Code    34  dflti.o(.text)
    __aeabi_ui2d                             0x08000605   Thumb Code    26  dfltui.o(.text)
    __aeabi_f2uiz                            0x0800061f   Thumb Code    40  ffixui.o(.text)
    __aeabi_d2uiz                            0x08000647   Thumb Code    50  dfixui.o(.text)
    __aeabi_f2d                              0x08000679   Thumb Code    38  f2d.o(.text)
    __aeabi_uidiv                            0x0800069f   Thumb Code     0  uidiv.o(.text)
    __aeabi_uidivmod                         0x0800069f   Thumb Code    44  uidiv.o(.text)
    __aeabi_uldivmod                         0x080006cb   Thumb Code    98  uldiv.o(.text)
    __aeabi_llsl                             0x0800072d   Thumb Code    30  llshl.o(.text)
    _ll_shift_l                              0x0800072d   Thumb Code     0  llshl.o(.text)
    __aeabi_llsr                             0x0800074b   Thumb Code    32  llushr.o(.text)
    _ll_ushift_r                             0x0800074b   Thumb Code     0  llushr.o(.text)
    __aeabi_lasr                             0x0800076b   Thumb Code    36  llsshr.o(.text)
    _ll_sshift_r                             0x0800076b   Thumb Code     0  llsshr.o(.text)
    __I$use$fp                               0x0800078f   Thumb Code     0  iusefp.o(.text)
    _float_round                             0x0800078f   Thumb Code    18  fepilogue.o(.text)
    _float_epilogue                          0x080007a1   Thumb Code    90  fepilogue.o(.text)
    _double_round                            0x080007fb   Thumb Code    26  depilogue.o(.text)
    _double_epilogue                         0x08000815   Thumb Code   164  depilogue.o(.text)
    __aeabi_d2ulz                            0x080008b9   Thumb Code    48  dfixul.o(.text)
    __aeabi_cdrcmple                         0x080008e9   Thumb Code    38  cdrcmple.o(.text)
    __scatterload                            0x08000911   Thumb Code    28  init.o(.text)
    __scatterload_rt2                        0x08000911   Thumb Code     0  init.o(.text)
    AddrMapping                              0x08000935   Thumb Code    62  flash.o(i.AddrMapping)
    BKP_DeInit                               0x080009ad   Thumb Code    16  stm32f10x_bkp.o(i.BKP_DeInit)
    BKP_ReadBackupRegister                   0x080009bd   Thumb Code    24  stm32f10x_bkp.o(i.BKP_ReadBackupRegister)
    BKP_TamperPinCmd                         0x080009d9   Thumb Code     6  stm32f10x_bkp.o(i.BKP_TamperPinCmd)
    BKP_WriteBackupRegister                  0x080009e5   Thumb Code    22  stm32f10x_bkp.o(i.BKP_WriteBackupRegister)
    BusFault_Handler                         0x08000a01   Thumb Code    18  stm32f10x_it.o(i.BusFault_Handler)
    CRC16                                    0x08000a35   Thumb Code    80  433_wiminet.o(i.CRC16)
    ConfigData_Init                          0x08000a85   Thumb Code   354  gprs.o(i.ConfigData_Init)
    DMA_Cmd                                  0x08000c11   Thumb Code    24  stm32f10x_dma.o(i.DMA_Cmd)
    DMA_GetCurrDataCounter                   0x08000c29   Thumb Code     8  stm32f10x_dma.o(i.DMA_GetCurrDataCounter)
    DMA_Init                                 0x08000c31   Thumb Code    60  stm32f10x_dma.o(i.DMA_Init)
    DMA_UART3_RecevDataGet                   0x08000c6d   Thumb Code   240  main.o(i.DMA_UART3_RecevDataGet)
    DMA_UART3_RecevDetect                    0x08000da1   Thumb Code   136  main.o(i.DMA_UART3_RecevDetect)
    DS2780_CapacityInit                      0x08000e75   Thumb Code     8  ds2780.o(i.DS2780_CapacityInit)
    DS2780_DQ_IN                             0x08000e81   Thumb Code    32  ds2780.o(i.DS2780_DQ_IN)
    DS2780_DQ_OUT                            0x08000ea5   Thumb Code    38  ds2780.o(i.DS2780_DQ_OUT)
    DS2780_Test                              0x08000ed1   Thumb Code   294  ds2780.o(i.DS2780_Test)
    DataRead_From_Flash                      0x080010f5   Thumb Code   110  flash.o(i.DataRead_From_Flash)
    DataWrite_To_Flash                       0x080011d5   Thumb Code   116  flash.o(i.DataWrite_To_Flash)
    DebugMon_Handler                         0x080012b9   Thumb Code    10  stm32f10x_it.o(i.DebugMon_Handler)
    Delay_us                                 0x080012f5   Thumb Code    52  bsp_systick.o(i.Delay_us)
    DeviceStartupRequest                     0x0800132d   Thumb Code   476  aiderprotocol.o(i.DeviceStartupRequest)
    Find_SpecialString                       0x08001535   Thumb Code   148  gprs.o(i.Find_SpecialString)
    GPIO_Init                                0x080015c9   Thumb Code   274  stm32f10x_gpio.o(i.GPIO_Init)
    GPIO_ReadInputDataBit                    0x080016db   Thumb Code    18  stm32f10x_gpio.o(i.GPIO_ReadInputDataBit)
    GPIO_ResetBits                           0x080016ed   Thumb Code     4  stm32f10x_gpio.o(i.GPIO_ResetBits)
    GPIO_SetBits                             0x080016f1   Thumb Code     4  stm32f10x_gpio.o(i.GPIO_SetBits)
    GetNetworkID                             0x080016f5   Thumb Code   126  433_wiminet.o(i.GetNetworkID)
    GetNodeBreathPeriod                      0x080017a1   Thumb Code   126  433_wiminet.o(i.GetNodeBreathPeriod)
    GetNodeBreathTime                        0x0800184d   Thumb Code   126  433_wiminet.o(i.GetNodeBreathTime)
    GetNodeCentralFrequency                  0x080018f9   Thumb Code   200  433_wiminet.o(i.GetNodeCentralFrequency)
    GetNodeFrequencyExpandBandwidth          0x080019f9   Thumb Code   126  433_wiminet.o(i.GetNodeFrequencyExpandBandwidth)
    GetNodeFrequencyExpandFactor             0x08001aa5   Thumb Code   126  433_wiminet.o(i.GetNodeFrequencyExpandFactor)
    GetNodeID                                0x08001b51   Thumb Code   136  433_wiminet.o(i.GetNodeID)
    GetNodeSendPowerGrade                    0x08001c05   Thumb Code   126  433_wiminet.o(i.GetNodeSendPowerGrade)
    GetResponse                              0x08001cb1   Thumb Code  1524  aiderprotocol.o(i.GetResponse)
    GregorianDay                             0x080022f5   Thumb Code   144  bsp_date.o(i.GregorianDay)
    HardFault_Handler                        0x08002389   Thumb Code    18  stm32f10x_it.o(i.HardFault_Handler)
    IMP_SendMessage                          0x080023c1   Thumb Code    18  433_wiminet.o(i.IMP_SendMessage)
    InitCommandMessage                       0x080023d3   Thumb Code    16  433_wiminet.o(i.InitCommandMessage)
    IsValidNodeMsg                           0x080023e3   Thumb Code    68  433_wiminet.o(i.IsValidNodeMsg)
    MemManage_Handler                        0x08002429   Thumb Code    18  stm32f10x_it.o(i.MemManage_Handler)
    NMI_Handler                              0x08002461   Thumb Code    10  stm32f10x_it.o(i.NMI_Handler)
    NVIC_Init                                0x08002489   Thumb Code   102  misc.o(i.NVIC_Init)
    NVIC_PriorityGroupConfig                 0x080024fd   Thumb Code    10  misc.o(i.NVIC_PriorityGroupConfig)
    PWR_BackupAccessCmd                      0x08002511   Thumb Code     6  stm32f10x_pwr.o(i.PWR_BackupAccessCmd)
    PWR_EnterSTANDBYMode                     0x0800251d   Thumb Code    42  stm32f10x_pwr.o(i.PWR_EnterSTANDBYMode)
    PWR_WakeUpPinCmd                         0x08002551   Thumb Code     6  stm32f10x_pwr.o(i.PWR_WakeUpPinCmd)
    ParameterConfig_SX1278                   0x0800255d   Thumb Code   848  gprs.o(i.ParameterConfig_SX1278)
    ParameterInquire_SX1278                  0x08002a79   Thumb Code     2  gprs.o(i.ParameterInquire_SX1278)
    PendSV_Handler                           0x08002a7d   Thumb Code    10  stm32f10x_it.o(i.PendSV_Handler)
    PeripheralInit                           0x08002ab5   Thumb Code   208  main.o(i.PeripheralInit)
    Pressure_DataGet                         0x08002bb5   Thumb Code   226  main.o(i.Pressure_DataGet)
    RCC_AHBPeriphClockCmd                    0x08002cdd   Thumb Code    26  stm32f10x_rcc.o(i.RCC_AHBPeriphClockCmd)
    RCC_APB1PeriphClockCmd                   0x08002cfd   Thumb Code    26  stm32f10x_rcc.o(i.RCC_APB1PeriphClockCmd)
    RCC_APB1PeriphResetCmd                   0x08002d1d   Thumb Code    26  stm32f10x_rcc.o(i.RCC_APB1PeriphResetCmd)
    RCC_APB2PeriphClockCmd                   0x08002d3d   Thumb Code    26  stm32f10x_rcc.o(i.RCC_APB2PeriphClockCmd)
    RCC_APB2PeriphResetCmd                   0x08002d5d   Thumb Code    26  stm32f10x_rcc.o(i.RCC_APB2PeriphResetCmd)
    RCC_BackupResetCmd                       0x08002d7d   Thumb Code     6  stm32f10x_rcc.o(i.RCC_BackupResetCmd)
    RCC_ClearFlag                            0x08002d89   Thumb Code    14  stm32f10x_rcc.o(i.RCC_ClearFlag)
    RCC_GetClocksFreq                        0x08002d9d   Thumb Code   192  stm32f10x_rcc.o(i.RCC_GetClocksFreq)
    RCC_GetFlagStatus                        0x08002e71   Thumb Code    56  stm32f10x_rcc.o(i.RCC_GetFlagStatus)
    RCC_LSEConfig                            0x08002ead   Thumb Code    44  stm32f10x_rcc.o(i.RCC_LSEConfig)
    RCC_RTCCLKCmd                            0x08002ee1   Thumb Code     6  stm32f10x_rcc.o(i.RCC_RTCCLKCmd)
    RCC_RTCCLKConfig                         0x08002eed   Thumb Code    12  stm32f10x_rcc.o(i.RCC_RTCCLKConfig)
    RTC_CheckAndConfig                       0x08002efd   Thumb Code    66  bsp_rtc.o(i.RTC_CheckAndConfig)
    RTC_ClearFlag                            0x08002f45   Thumb Code    12  stm32f10x_rtc.o(i.RTC_ClearFlag)
    RTC_ClearITPendingBit                    0x08002f55   Thumb Code    12  stm32f10x_rtc.o(i.RTC_ClearITPendingBit)
    RTC_Configuration                        0x08002f65   Thumb Code    82  bsp_rtc.o(i.RTC_Configuration)
    RTC_EnterConfigMode                      0x08002fb9   Thumb Code    14  stm32f10x_rtc.o(i.RTC_EnterConfigMode)
    RTC_ExitConfigMode                       0x08002fcd   Thumb Code    16  stm32f10x_rtc.o(i.RTC_ExitConfigMode)
    RTC_GetCounter                           0x08002fe1   Thumb Code    16  stm32f10x_rtc.o(i.RTC_GetCounter)
    RTC_GetITStatus                          0x08002ff5   Thumb Code    32  stm32f10x_rtc.o(i.RTC_GetITStatus)
    RTC_IRQHandler                           0x08003019   Thumb Code    60  stm32f10x_it.o(i.RTC_IRQHandler)
    RTC_NVIC_Config                          0x08003055   Thumb Code    40  bsp_rtc.o(i.RTC_NVIC_Config)
    RTC_SetAlarm                             0x0800307d   Thumb Code    24  stm32f10x_rtc.o(i.RTC_SetAlarm)
    RTC_SetCounter                           0x08003099   Thumb Code    24  stm32f10x_rtc.o(i.RTC_SetCounter)
    RTC_SetPrescaler                         0x080030b5   Thumb Code    26  stm32f10x_rtc.o(i.RTC_SetPrescaler)
    RTC_WaitForLastTask                      0x080030d5   Thumb Code    14  stm32f10x_rtc.o(i.RTC_WaitForLastTask)
    RTC_WaitForSynchro                       0x080030e9   Thumb Code    28  stm32f10x_rtc.o(i.RTC_WaitForSynchro)
    ReceiveMessageVerify                     0x08003109   Thumb Code   140  433_wiminet.o(i.ReceiveMessageVerify)
    Receive_Data_Analysis                    0x080031bd   Thumb Code   296  gprs.o(i.Receive_Data_Analysis)
    ReverseBitOrder08                        0x080033c5   Thumb Code    32  433_wiminet.o(i.ReverseBitOrder08)
    ReverseBitOrder16                        0x080033e5   Thumb Code    36  433_wiminet.o(i.ReverseBitOrder16)
    SPI_Cmd                                  0x08003409   Thumb Code    24  stm32f10x_spi.o(i.SPI_Cmd)
    SPI_FLASH_BufferRead                     0x08003421   Thumb Code    80  flash.o(i.SPI_FLASH_BufferRead)
    SPI_FLASH_BufferWrite                    0x08003475   Thumb Code   290  flash.o(i.SPI_FLASH_BufferWrite)
    SPI_FLASH_Init                           0x08003599   Thumb Code   188  flash.o(i.SPI_FLASH_Init)
    SPI_FLASH_PageWrite                      0x0800365d   Thumb Code    96  flash.o(i.SPI_FLASH_PageWrite)
    SPI_FLASH_ReadDeviceID                   0x080036c1   Thumb Code    60  flash.o(i.SPI_FLASH_ReadDeviceID)
    SPI_FLASH_ReadID                         0x08003701   Thumb Code    78  flash.o(i.SPI_FLASH_ReadID)
    SPI_FLASH_SectorErase                    0x08003755   Thumb Code    66  flash.o(i.SPI_FLASH_SectorErase)
    SPI_FLASH_SendByte                       0x0800379d   Thumb Code    50  flash.o(i.SPI_FLASH_SendByte)
    SPI_FLASH_WaitForWriteEnd                0x080037d5   Thumb Code    48  flash.o(i.SPI_FLASH_WaitForWriteEnd)
    SPI_FLASH_WriteEnable                    0x08003809   Thumb Code    30  flash.o(i.SPI_FLASH_WriteEnable)
    SPI_Flash_PowerDown                      0x0800382d   Thumb Code    30  flash.o(i.SPI_Flash_PowerDown)
    SPI_I2S_GetFlagStatus                    0x08003851   Thumb Code    18  stm32f10x_spi.o(i.SPI_I2S_GetFlagStatus)
    SPI_I2S_ReceiveData                      0x08003863   Thumb Code     6  stm32f10x_spi.o(i.SPI_I2S_ReceiveData)
    SPI_I2S_SendData                         0x08003869   Thumb Code     4  stm32f10x_spi.o(i.SPI_I2S_SendData)
    SPI_Init                                 0x0800386d   Thumb Code    60  stm32f10x_spi.o(i.SPI_Init)
    SVC_Handler                              0x080038a9   Thumb Code    10  stm32f10x_it.o(i.SVC_Handler)
    SendMessage                              0x080038dd   Thumb Code   188  433_wiminet.o(i.SendMessage)
    SenserDataCollect                        0x080039dd   Thumb Code   258  main.o(i.SenserDataCollect)
    SetNodeBreathPeriod                      0x08003b35   Thumb Code   194  433_wiminet.o(i.SetNodeBreathPeriod)
    SetNodeBreathTime                        0x08003c71   Thumb Code   198  433_wiminet.o(i.SetNodeBreathTime)
    SetNodeCentralFrequency                  0x08003dad   Thumb Code   252  433_wiminet.o(i.SetNodeCentralFrequency)
    SetNodeFrequencyExpandBandwidth          0x08003f2d   Thumb Code   184  433_wiminet.o(i.SetNodeFrequencyExpandBandwidth)
    SetNodeFrequencyExpandFactor             0x08004065   Thumb Code   184  433_wiminet.o(i.SetNodeFrequencyExpandFactor)
    SetNodeID                                0x08004199   Thumb Code   178  433_wiminet.o(i.SetNodeID)
    SetNodeNetworkID                         0x08004299   Thumb Code   170  433_wiminet.o(i.SetNodeNetworkID)
    SetNodeSendPowerGrade                    0x08004391   Thumb Code   184  433_wiminet.o(i.SetNodeSendPowerGrade)
    Set_register_ds2780                      0x080045a9   Thumb Code   410  ds2780.o(i.Set_register_ds2780)
    SysTick_Handler                          0x08004743   Thumb Code     8  stm32f10x_it.o(i.SysTick_Handler)
    SysTick_Init                             0x0800474d   Thumb Code   106  bsp_systick.o(i.SysTick_Init)
    SystemInit                               0x080047c9   Thumb Code    78  system_stm32f10x.o(i.SystemInit)
    TIM3_Configuration                       0x08004829   Thumb Code    80  bsp_timbase.o(i.TIM3_Configuration)
    TIM3_IRQHandler                          0x0800487d   Thumb Code    52  stm32f10x_it.o(i.TIM3_IRQHandler)
    TIM3_NVIC_Configuration                  0x080048b9   Thumb Code    38  bsp_timbase.o(i.TIM3_NVIC_Configuration)
    TIM_ClearFlag                            0x080048df   Thumb Code     6  stm32f10x_tim.o(i.TIM_ClearFlag)
    TIM_ClearITPendingBit                    0x080048e5   Thumb Code     6  stm32f10x_tim.o(i.TIM_ClearITPendingBit)
    TIM_Cmd                                  0x080048eb   Thumb Code    24  stm32f10x_tim.o(i.TIM_Cmd)
    TIM_DeInit                               0x08004905   Thumb Code   424  stm32f10x_tim.o(i.TIM_DeInit)
    TIM_GetITStatus                          0x08004aed   Thumb Code    34  stm32f10x_tim.o(i.TIM_GetITStatus)
    TIM_ITConfig                             0x08004b0f   Thumb Code    18  stm32f10x_tim.o(i.TIM_ITConfig)
    TIM_TimeBaseInit                         0x08004b21   Thumb Code   122  stm32f10x_tim.o(i.TIM_TimeBaseInit)
    Temperature_DataGet                      0x08004bc5   Thumb Code   268  main.o(i.Temperature_DataGet)
    Time_Auto_Regulate                       0x08004d31   Thumb Code   130  bsp_rtc.o(i.Time_Auto_Regulate)
    Time_Display                             0x08004dd9   Thumb Code    20  bsp_rtc.o(i.Time_Display)
    TimingDelay_Decrement                    0x08004ded   Thumb Code    18  bsp_systick.o(i.TimingDelay_Decrement)
    TrapRequest                              0x08004e05   Thumb Code   990  aiderprotocol.o(i.TrapRequest)
    Treaty_Data_Analysis                     0x08005215   Thumb Code  1054  gprs.o(i.Treaty_Data_Analysis)
    UART4_IRQHandler                         0x080058d9   Thumb Code   114  stm32f10x_it.o(i.UART4_IRQHandler)
    UART_NVIC_Configuration                  0x08005979   Thumb Code   128  bsp_usart.o(i.UART_NVIC_Configuration)
    USART1_Config                            0x080059f9   Thumb Code   190  bsp_usart.o(i.USART1_Config)
    USART1_IRQHandler                        0x08005ac1   Thumb Code    92  stm32f10x_it.o(i.USART1_IRQHandler)
    USART2_Config                            0x08005b45   Thumb Code   176  bsp_usart.o(i.USART2_Config)
    USART2_DMA_Config                        0x08005bfd   Thumb Code    76  bsp_usart.o(i.USART2_DMA_Config)
    USART2_IRQHandler                        0x08005c55   Thumb Code    84  stm32f10x_it.o(i.USART2_IRQHandler)
    USART3_Config                            0x08005ce5   Thumb Code   180  bsp_usart.o(i.USART3_Config)
    USART3_IRQHandler                        0x08005da5   Thumb Code     2  stm32f10x_it.o(i.USART3_IRQHandler)
    USART4_Config                            0x08005da9   Thumb Code   164  bsp_usart.o(i.USART4_Config)
    USART_ClearFlag                          0x08005e55   Thumb Code    18  stm32f10x_usart.o(i.USART_ClearFlag)
    USART_ClearITPendingBit                  0x08005e67   Thumb Code    30  stm32f10x_usart.o(i.USART_ClearITPendingBit)
    USART_Cmd                                0x08005e85   Thumb Code    24  stm32f10x_usart.o(i.USART_Cmd)
    USART_DMACmd                             0x08005e9d   Thumb Code    18  stm32f10x_usart.o(i.USART_DMACmd)
    USART_DataBlock_Send                     0x08005eaf   Thumb Code    48  gprs.o(i.USART_DataBlock_Send)
    USART_GetFlagStatus                      0x08005edf   Thumb Code    26  stm32f10x_usart.o(i.USART_GetFlagStatus)
    USART_GetITStatus                        0x08005ef9   Thumb Code    84  stm32f10x_usart.o(i.USART_GetITStatus)
    USART_ITConfig                           0x08005f4d   Thumb Code    74  stm32f10x_usart.o(i.USART_ITConfig)
    USART_Init                               0x08005f99   Thumb Code   210  stm32f10x_usart.o(i.USART_Init)
    USART_ReceiveData                        0x08006071   Thumb Code    10  stm32f10x_usart.o(i.USART_ReceiveData)
    USART_SendData                           0x0800607b   Thumb Code     8  stm32f10x_usart.o(i.USART_SendData)
    UpdateNodeMsgCRC                         0x08006083   Thumb Code    42  433_wiminet.o(i.UpdateNodeMsgCRC)
    UploadFlash                              0x080060ad   Thumb Code   226  gprs.o(i.UploadFlash)
    UsageFault_Handler                       0x08006221   Thumb Code    18  stm32f10x_it.o(i.UsageFault_Handler)
    WWDG_ClearFlag                           0x08006259   Thumb Code     8  stm32f10x_wwdg.o(i.WWDG_ClearFlag)
    WWDG_Enable                              0x08006265   Thumb Code    10  stm32f10x_wwdg.o(i.WWDG_Enable)
    WWDG_EnableIT                            0x08006275   Thumb Code     8  stm32f10x_wwdg.o(i.WWDG_EnableIT)
    WWDG_IRQHandler                          0x08006281   Thumb Code    34  stm32f10x_it.o(i.WWDG_IRQHandler)
    WWDG_Init                                0x080062ad   Thumb Code    90  watchdog.o(i.WWDG_Init)
    WWDG_SetCounter                          0x0800630d   Thumb Code    10  stm32f10x_wwdg.o(i.WWDG_SetCounter)
    WWDG_SetPrescaler                        0x0800631d   Thumb Code    18  stm32f10x_wwdg.o(i.WWDG_SetPrescaler)
    WWDG_SetWindowValue                      0x08006335   Thumb Code    34  stm32f10x_wwdg.o(i.WWDG_SetWindowValue)
    WakeupResponse                           0x0800635d   Thumb Code   446  aiderprotocol.o(i.WakeupResponse)
    __0printf                                0x08006541   Thumb Code    22  printfa.o(i.__0printf)
    __1printf                                0x08006541   Thumb Code     0  printfa.o(i.__0printf)
    __2printf                                0x08006541   Thumb Code     0  printfa.o(i.__0printf)
    __c89printf                              0x08006541   Thumb Code     0  printfa.o(i.__0printf)
    printf                                   0x08006541   Thumb Code     0  printfa.o(i.__0printf)
    __scatterload_copy                       0x08006561   Thumb Code    14  handlers.o(i.__scatterload_copy)
    __scatterload_null                       0x0800656f   Thumb Code     2  handlers.o(i.__scatterload_null)
    __scatterload_zeroinit                   0x08006571   Thumb Code    14  handlers.o(i.__scatterload_zeroinit)
    copy_data_ds2780                         0x08006e23   Thumb Code    22  ds2780.o(i.copy_data_ds2780)
    fputc                                    0x08006e39   Thumb Code    32  bsp_usart.o(i.fputc)
    get_ACR                                  0x08006e5d   Thumb Code   128  ds2780.o(i.get_ACR)
    get_RAAC                                 0x08006ee1   Thumb Code    72  ds2780.o(i.get_RAAC)
    get_current                              0x08006f31   Thumb Code   132  ds2780.o(i.get_current)
    get_voltage                              0x08006fbd   Thumb Code    78  ds2780.o(i.get_voltage)
    gotoSleep                                0x08007015   Thumb Code   192  common.o(i.gotoSleep)
    main                                     0x0800710d   Thumb Code   294  main.o(i.main)
    mktimev                                  0x0800728d   Thumb Code   126  bsp_date.o(i.mktimev)
    mput_mix                                 0x08007311   Thumb Code    54  gprs.o(i.mput_mix)
    mput_mix_sx1278                          0x08007369   Thumb Code    74  gprs.o(i.mput_mix_sx1278)
    ntohl                                    0x080073dd   Thumb Code    26  api-platform.o(i.ntohl)
    ntohs                                    0x080073f7   Thumb Code    12  api-platform.o(i.ntohs)
    read_bit                                 0x08007405   Thumb Code    50  ds2780.o(i.read_bit)
    read_byte                                0x0800743d   Thumb Code    34  ds2780.o(i.read_byte)
    read_byte_data                           0x0800745f   Thumb Code    24  ds2780.o(i.read_byte_data)
    reset                                    0x08007479   Thumb Code    64  ds2780.o(i.reset)
    set_ACR                                  0x080074bd   Thumb Code    94  ds2780.o(i.set_ACR)
    to_tm                                    0x08007521   Thumb Code   194  bsp_date.o(i.to_tm)
    write_byte                               0x080075ed   Thumb Code    88  ds2780.o(i.write_byte)
    write_data                               0x08007649   Thumb Code    30  ds2780.o(i.write_data)
    write_ds2780_cmd                         0x08007667   Thumb Code    44  ds2780.o(i.write_ds2780_cmd)
    Region$$Table$$Base                      0x080076c8   Number         0  anon$$obj.o(Region$$Table)
    Region$$Table$$Limit                     0x080076e8   Number         0  anon$$obj.o(Region$$Table)
    SystemCoreClock                          0x20000000   Data           4  system_stm32f10x.o(.data)
    AHBPrescTable                            0x20000004   Data          16  system_stm32f10x.o(.data)
    WWDOG_Feed                               0x20000028   Data           2  main.o(.data)
    PowerOffReset                            0x2000002a   Data           1  main.o(.data)
    LiquidDataSend_Flag                      0x2000002b   Data           1  main.o(.data)
    DataCollectBkCount                       0x2000002c   Data           1  main.o(.data)
    DataCollectCount                         0x2000002d   Data           1  main.o(.data)
    Usart1_recev_count                       0x2000002e   Data           2  main.o(.data)
    WorkingTime                              0x20000030   Data           4  main.o(.data)
    DMA_UART3_RECEV_FLAG                     0x20000034   Data           1  main.o(.data)
    Usart3_recev_count                       0x2000003c   Data           2  gprs.o(.data)
    Senser_Address                           0x2000003e   Data           1  modbus.o(.data)
    Uart4_rev_count                          0x2000003f   Data           1  modbus.o(.data)
    Uart4_send_counter                       0x20000040   Data           1  modbus.o(.data)
    Uart4_rev_comflag                        0x20000041   Data           1  modbus.o(.data)
    LevelDataCount                           0x20000042   Data           1  modbus.o(.data)
    WWDG_CNT                                 0x20000074   Data           1  watchdog.o(.data)
    DeviceID                                 0x20000078   Data           4  flash.o(.data)
    FlashID                                  0x2000007c   Data           4  flash.o(.data)
    TransferStatus1                          0x20000080   Data           1  flash.o(.data)
    __stdout                                 0x20000088   Data           4  stdout.o(.data)
    DeviceConfig                             0x2000008c   Data          16  main.o(.bss)
    ConfigData                               0x2000009c   Data          17  main.o(.bss)
    Usart1_recev_buff                        0x200000ad   Data         100  main.o(.bss)
    Usart2_send_buff                         0x20000111   Data         300  main.o(.bss)
    DMA_USART3_RecevBuff                     0x2000023d   Data         300  main.o(.bss)
    systmtime                                0x2000036a   Data          10  main.o(.bss)
    Usart3_recev_buff                        0x20000384   Data         300  gprs.o(.bss)
    Uart4_rev_buff                           0x200004b0   Data         100  modbus.o(.bss)
    Uart4_send_buff                          0x20000514   Data         100  modbus.o(.bss)
    __initial_sp                             0x20000d70   Data           0  startup_stm32f10x_hd.o(STACK)



==============================================================================

Memory Map of the image

  Image Entry point : 0x08000131

  Load Region LR_IROM1 (Base: 0x08000000, Size: 0x00007774, Max: 0x00040000, ABSOLUTE)

    Execution Region ER_IROM1 (Base: 0x08000000, Size: 0x000076e8, Max: 0x00040000, ABSOLUTE)

    Base Addr    Size         Type   Attr      Idx    E Section Name        Object

    0x08000000   0x00000130   Data   RO            3    RESET               startup_stm32f10x_hd.o
    0x08000130   0x00000000   Code   RO         4346  * .ARM.Collect$$$$00000000  mc_w.l(entry.o)
    0x08000130   0x00000004   Code   RO         4668    .ARM.Collect$$$$00000001  mc_w.l(entry2.o)
    0x08000134   0x00000004   Code   RO         4671    .ARM.Collect$$$$00000004  mc_w.l(entry5.o)
    0x08000138   0x00000000   Code   RO         4673    .ARM.Collect$$$$00000008  mc_w.l(entry7b.o)
    0x08000138   0x00000000   Code   RO         4675    .ARM.Collect$$$$0000000A  mc_w.l(entry8b.o)
    0x08000138   0x00000008   Code   RO         4676    .ARM.Collect$$$$0000000B  mc_w.l(entry9a.o)
    0x08000140   0x00000000   Code   RO         4678    .ARM.Collect$$$$0000000D  mc_w.l(entry10a.o)
    0x08000140   0x00000000   Code   RO         4680    .ARM.Collect$$$$0000000F  mc_w.l(entry11a.o)
    0x08000140   0x00000004   Code   RO         4669    .ARM.Collect$$$$00002712  mc_w.l(entry2.o)
    0x08000144   0x00000024   Code   RO            4    .text               startup_stm32f10x_hd.o
    0x08000168   0x00000024   Code   RO         4349    .text               mc_w.l(rand.o)
    0x0800018c   0x00000024   Code   RO         4352    .text               mc_w.l(memcpya.o)
    0x080001b0   0x00000024   Code   RO         4354    .text               mc_w.l(memseta.o)
    0x080001d4   0x0000006c   Code   RO         4623    .text               mf_w.l(fmul.o)
    0x08000240   0x00000080   Code   RO         4625    .text               mf_w.l(fdiv.o)
    0x080002c0   0x0000014e   Code   RO         4627    .text               mf_w.l(dadd.o)
    0x0800040e   0x000000e4   Code   RO         4629    .text               mf_w.l(dmul.o)
    0x080004f2   0x000000de   Code   RO         4631    .text               mf_w.l(ddiv.o)
    0x080005d0   0x00000012   Code   RO         4633    .text               mf_w.l(fflti.o)
    0x080005e2   0x00000022   Code   RO         4635    .text               mf_w.l(dflti.o)
    0x08000604   0x0000001a   Code   RO         4637    .text               mf_w.l(dfltui.o)
    0x0800061e   0x00000028   Code   RO         4639    .text               mf_w.l(ffixui.o)
    0x08000646   0x00000032   Code   RO         4643    .text               mf_w.l(dfixui.o)
    0x08000678   0x00000026   Code   RO         4645    .text               mf_w.l(f2d.o)
    0x0800069e   0x0000002c   Code   RO         4683    .text               mc_w.l(uidiv.o)
    0x080006ca   0x00000062   Code   RO         4685    .text               mc_w.l(uldiv.o)
    0x0800072c   0x0000001e   Code   RO         4687    .text               mc_w.l(llshl.o)
    0x0800074a   0x00000020   Code   RO         4689    .text               mc_w.l(llushr.o)
    0x0800076a   0x00000024   Code   RO         4691    .text               mc_w.l(llsshr.o)
    0x0800078e   0x00000000   Code   RO         4700    .text               mc_w.l(iusefp.o)
    0x0800078e   0x0000006c   Code   RO         4701    .text               mf_w.l(fepilogue.o)
    0x080007fa   0x000000be   Code   RO         4703    .text               mf_w.l(depilogue.o)
    0x080008b8   0x00000030   Code   RO         4707    .text               mf_w.l(dfixul.o)
    0x080008e8   0x00000028   Code   RO         4709    .text               mf_w.l(cdrcmple.o)
    0x08000910   0x00000024   Code   RO         4711    .text               mc_w.l(init.o)
    0x08000934   0x00000078   Code   RO         3817    i.AddrMapping       flash.o
    0x080009ac   0x00000010   Code   RO          380    i.BKP_DeInit        stm32f10x_bkp.o
    0x080009bc   0x0000001c   Code   RO          385    i.BKP_ReadBackupRegister  stm32f10x_bkp.o
    0x080009d8   0x0000000c   Code   RO          387    i.BKP_TamperPinCmd  stm32f10x_bkp.o
    0x080009e4   0x0000001c   Code   RO          389    i.BKP_WriteBackupRegister  stm32f10x_bkp.o
    0x08000a00   0x00000034   Code   RO         3300    i.BusFault_Handler  stm32f10x_it.o
    0x08000a34   0x00000050   Code   RO         3947    i.CRC16             433_wiminet.o
    0x08000a84   0x0000018c   Code   RO         3533    i.ConfigData_Init   gprs.o
    0x08000c10   0x00000018   Code   RO          859    i.DMA_Cmd           stm32f10x_dma.o
    0x08000c28   0x00000008   Code   RO          861    i.DMA_GetCurrDataCounter  stm32f10x_dma.o
    0x08000c30   0x0000003c   Code   RO          865    i.DMA_Init          stm32f10x_dma.o
    0x08000c6c   0x00000134   Code   RO         3109    i.DMA_UART3_RecevDataGet  main.o
    0x08000da0   0x000000d4   Code   RO         3110    i.DMA_UART3_RecevDetect  main.o
    0x08000e74   0x0000000c   Code   RO         4171    i.DS2780_CapacityInit  ds2780.o
    0x08000e80   0x00000024   Code   RO         4172    i.DS2780_DQ_IN      ds2780.o
    0x08000ea4   0x0000002c   Code   RO         4173    i.DS2780_DQ_OUT     ds2780.o
    0x08000ed0   0x00000224   Code   RO         4174    i.DS2780_Test       ds2780.o
    0x080010f4   0x000000e0   Code   RO         3819    i.DataRead_From_Flash  flash.o
    0x080011d4   0x000000e4   Code   RO         3820    i.DataWrite_To_Flash  flash.o
    0x080012b8   0x0000003c   Code   RO         3301    i.DebugMon_Handler  stm32f10x_it.o
    0x080012f4   0x00000038   Code   RO         3500    i.Delay_us          bsp_systick.o
    0x0800132c   0x00000208   Code   RO         3780    i.DeviceStartupRequest  aiderprotocol.o
    0x08001534   0x00000094   Code   RO         3534    i.Find_SpecialString  gprs.o
    0x080015c8   0x00000112   Code   RO         1286    i.GPIO_Init         stm32f10x_gpio.o
    0x080016da   0x00000012   Code   RO         1290    i.GPIO_ReadInputDataBit  stm32f10x_gpio.o
    0x080016ec   0x00000004   Code   RO         1293    i.GPIO_ResetBits    stm32f10x_gpio.o
    0x080016f0   0x00000004   Code   RO         1294    i.GPIO_SetBits      stm32f10x_gpio.o
    0x080016f4   0x000000ac   Code   RO         3948    i.GetNetworkID      433_wiminet.o
    0x080017a0   0x000000ac   Code   RO         3949    i.GetNodeBreathPeriod  433_wiminet.o
    0x0800184c   0x000000ac   Code   RO         3950    i.GetNodeBreathTime  433_wiminet.o
    0x080018f8   0x00000100   Code   RO         3951    i.GetNodeCentralFrequency  433_wiminet.o
    0x080019f8   0x000000ac   Code   RO         3952    i.GetNodeFrequencyExpandBandwidth  433_wiminet.o
    0x08001aa4   0x000000ac   Code   RO         3953    i.GetNodeFrequencyExpandFactor  433_wiminet.o
    0x08001b50   0x000000b4   Code   RO         3954    i.GetNodeID         433_wiminet.o
    0x08001c04   0x000000ac   Code   RO         3956    i.GetNodeSendPowerGrade  433_wiminet.o
    0x08001cb0   0x00000644   Code   RO         3781    i.GetResponse       aiderprotocol.o
    0x080022f4   0x00000094   Code   RO         3735    i.GregorianDay      bsp_date.o
    0x08002388   0x00000038   Code   RO         3302    i.HardFault_Handler  stm32f10x_it.o
    0x080023c0   0x00000012   Code   RO         3959    i.IMP_SendMessage   433_wiminet.o
    0x080023d2   0x00000010   Code   RO         3960    i.InitCommandMessage  433_wiminet.o
    0x080023e2   0x00000044   Code   RO         3961    i.IsValidNodeMsg    433_wiminet.o
    0x08002426   0x00000002   PAD
    0x08002428   0x00000038   Code   RO         3303    i.MemManage_Handler  stm32f10x_it.o
    0x08002460   0x00000028   Code   RO         3304    i.NMI_Handler       stm32f10x_it.o
    0x08002488   0x00000074   Code   RO          113    i.NVIC_Init         misc.o
    0x080024fc   0x00000014   Code   RO          114    i.NVIC_PriorityGroupConfig  misc.o
    0x08002510   0x0000000c   Code   RO         1646    i.PWR_BackupAccessCmd  stm32f10x_pwr.o
    0x0800251c   0x00000034   Code   RO         1649    i.PWR_EnterSTANDBYMode  stm32f10x_pwr.o
    0x08002550   0x0000000c   Code   RO         1654    i.PWR_WakeUpPinCmd  stm32f10x_pwr.o
    0x0800255c   0x0000051c   Code   RO         3536    i.ParameterConfig_SX1278  gprs.o
    0x08002a78   0x00000002   Code   RO         3537    i.ParameterInquire_SX1278  gprs.o
    0x08002a7a   0x00000002   PAD
    0x08002a7c   0x00000038   Code   RO         3305    i.PendSV_Handler    stm32f10x_it.o
    0x08002ab4   0x00000100   Code   RO         3111    i.PeripheralInit    main.o
    0x08002bb4   0x00000128   Code   RO         3113    i.Pressure_DataGet  main.o
    0x08002cdc   0x00000020   Code   RO         1707    i.RCC_AHBPeriphClockCmd  stm32f10x_rcc.o
    0x08002cfc   0x00000020   Code   RO         1708    i.RCC_APB1PeriphClockCmd  stm32f10x_rcc.o
    0x08002d1c   0x00000020   Code   RO         1709    i.RCC_APB1PeriphResetCmd  stm32f10x_rcc.o
    0x08002d3c   0x00000020   Code   RO         1710    i.RCC_APB2PeriphClockCmd  stm32f10x_rcc.o
    0x08002d5c   0x00000020   Code   RO         1711    i.RCC_APB2PeriphResetCmd  stm32f10x_rcc.o
    0x08002d7c   0x0000000c   Code   RO         1713    i.RCC_BackupResetCmd  stm32f10x_rcc.o
    0x08002d88   0x00000014   Code   RO         1714    i.RCC_ClearFlag     stm32f10x_rcc.o
    0x08002d9c   0x000000d4   Code   RO         1718    i.RCC_GetClocksFreq  stm32f10x_rcc.o
    0x08002e70   0x0000003c   Code   RO         1719    i.RCC_GetFlagStatus  stm32f10x_rcc.o
    0x08002eac   0x00000034   Code   RO         1726    i.RCC_LSEConfig     stm32f10x_rcc.o
    0x08002ee0   0x0000000c   Code   RO         1733    i.RCC_RTCCLKCmd     stm32f10x_rcc.o
    0x08002eec   0x00000010   Code   RO         1734    i.RCC_RTCCLKConfig  stm32f10x_rcc.o
    0x08002efc   0x00000048   Code   RO         3695    i.RTC_CheckAndConfig  bsp_rtc.o
    0x08002f44   0x00000010   Code   RO         1906    i.RTC_ClearFlag     stm32f10x_rtc.o
    0x08002f54   0x00000010   Code   RO         1907    i.RTC_ClearITPendingBit  stm32f10x_rtc.o
    0x08002f64   0x00000052   Code   RO         3696    i.RTC_Configuration  bsp_rtc.o
    0x08002fb6   0x00000002   PAD
    0x08002fb8   0x00000014   Code   RO         1908    i.RTC_EnterConfigMode  stm32f10x_rtc.o
    0x08002fcc   0x00000014   Code   RO         1909    i.RTC_ExitConfigMode  stm32f10x_rtc.o
    0x08002fe0   0x00000014   Code   RO         1910    i.RTC_GetCounter    stm32f10x_rtc.o
    0x08002ff4   0x00000024   Code   RO         1913    i.RTC_GetITStatus   stm32f10x_rtc.o
    0x08003018   0x0000003c   Code   RO         3306    i.RTC_IRQHandler    stm32f10x_it.o
    0x08003054   0x00000028   Code   RO         3697    i.RTC_NVIC_Config   bsp_rtc.o
    0x0800307c   0x0000001c   Code   RO         1915    i.RTC_SetAlarm      stm32f10x_rtc.o
    0x08003098   0x0000001c   Code   RO         1916    i.RTC_SetCounter    stm32f10x_rtc.o
    0x080030b4   0x00000020   Code   RO         1917    i.RTC_SetPrescaler  stm32f10x_rtc.o
    0x080030d4   0x00000014   Code   RO         1918    i.RTC_WaitForLastTask  stm32f10x_rtc.o
    0x080030e8   0x00000020   Code   RO         1919    i.RTC_WaitForSynchro  stm32f10x_rtc.o
    0x08003108   0x000000b4   Code   RO         3962    i.ReceiveMessageVerify  433_wiminet.o
    0x080031bc   0x00000208   Code   RO         3538    i.Receive_Data_Analysis  gprs.o
    0x080033c4   0x00000020   Code   RO         3963    i.ReverseBitOrder08  433_wiminet.o
    0x080033e4   0x00000024   Code   RO         3964    i.ReverseBitOrder16  433_wiminet.o
    0x08003408   0x00000018   Code   RO         2187    i.SPI_Cmd           stm32f10x_spi.o
    0x08003420   0x00000054   Code   RO         3821    i.SPI_FLASH_BufferRead  flash.o
    0x08003474   0x00000122   Code   RO         3822    i.SPI_FLASH_BufferWrite  flash.o
    0x08003596   0x00000002   PAD
    0x08003598   0x000000c4   Code   RO         3824    i.SPI_FLASH_Init    flash.o
    0x0800365c   0x00000064   Code   RO         3825    i.SPI_FLASH_PageWrite  flash.o
    0x080036c0   0x00000040   Code   RO         3827    i.SPI_FLASH_ReadDeviceID  flash.o
    0x08003700   0x00000054   Code   RO         3828    i.SPI_FLASH_ReadID  flash.o
    0x08003754   0x00000048   Code   RO         3829    i.SPI_FLASH_SectorErase  flash.o
    0x0800379c   0x00000038   Code   RO         3830    i.SPI_FLASH_SendByte  flash.o
    0x080037d4   0x00000034   Code   RO         3833    i.SPI_FLASH_WaitForWriteEnd  flash.o
    0x08003808   0x00000024   Code   RO         3834    i.SPI_FLASH_WriteEnable  flash.o
    0x0800382c   0x00000024   Code   RO         3835    i.SPI_Flash_PowerDown  flash.o
    0x08003850   0x00000012   Code   RO         2195    i.SPI_I2S_GetFlagStatus  stm32f10x_spi.o
    0x08003862   0x00000006   Code   RO         2198    i.SPI_I2S_ReceiveData  stm32f10x_spi.o
    0x08003868   0x00000004   Code   RO         2199    i.SPI_I2S_SendData  stm32f10x_spi.o
    0x0800386c   0x0000003c   Code   RO         2200    i.SPI_Init          stm32f10x_spi.o
    0x080038a8   0x00000034   Code   RO         3307    i.SVC_Handler       stm32f10x_it.o
    0x080038dc   0x00000100   Code   RO         3965    i.SendMessage       433_wiminet.o
    0x080039dc   0x00000158   Code   RO         3115    i.SenserDataCollect  main.o
    0x08003b34   0x0000013c   Code   RO         3966    i.SetNodeBreathPeriod  433_wiminet.o
    0x08003c70   0x0000013c   Code   RO         3967    i.SetNodeBreathTime  433_wiminet.o
    0x08003dac   0x00000180   Code   RO         3968    i.SetNodeCentralFrequency  433_wiminet.o
    0x08003f2c   0x00000138   Code   RO         3969    i.SetNodeFrequencyExpandBandwidth  433_wiminet.o
    0x08004064   0x00000134   Code   RO         3970    i.SetNodeFrequencyExpandFactor  433_wiminet.o
    0x08004198   0x00000100   Code   RO         3971    i.SetNodeID         433_wiminet.o
    0x08004298   0x000000f8   Code   RO         3972    i.SetNodeNetworkID  433_wiminet.o
    0x08004390   0x00000134   Code   RO         3973    i.SetNodeSendPowerGrade  433_wiminet.o
    0x080044c4   0x00000008   Code   RO           24    i.SetSysClock       system_stm32f10x.o
    0x080044cc   0x000000dc   Code   RO           25    i.SetSysClockTo72   system_stm32f10x.o
    0x080045a8   0x0000019a   Code   RO         4175    i.Set_register_ds2780  ds2780.o
    0x08004742   0x00000008   Code   RO         3308    i.SysTick_Handler   stm32f10x_it.o
    0x0800474a   0x00000002   PAD
    0x0800474c   0x0000007c   Code   RO         3501    i.SysTick_Init      bsp_systick.o
    0x080047c8   0x00000060   Code   RO           27    i.SystemInit        system_stm32f10x.o
    0x08004828   0x00000054   Code   RO         3405    i.TIM3_Configuration  bsp_timbase.o
    0x0800487c   0x0000003c   Code   RO         3309    i.TIM3_IRQHandler   stm32f10x_it.o
    0x080048b8   0x00000026   Code   RO         3406    i.TIM3_NVIC_Configuration  bsp_timbase.o
    0x080048de   0x00000006   Code   RO         2336    i.TIM_ClearFlag     stm32f10x_tim.o
    0x080048e4   0x00000006   Code   RO         2337    i.TIM_ClearITPendingBit  stm32f10x_tim.o
    0x080048ea   0x00000018   Code   RO         2342    i.TIM_Cmd           stm32f10x_tim.o
    0x08004902   0x00000002   PAD
    0x08004904   0x000001e8   Code   RO         2347    i.TIM_DeInit        stm32f10x_tim.o
    0x08004aec   0x00000022   Code   RO         2363    i.TIM_GetITStatus   stm32f10x_tim.o
    0x08004b0e   0x00000012   Code   RO         2367    i.TIM_ITConfig      stm32f10x_tim.o
    0x08004b20   0x000000a4   Code   RO         2413    i.TIM_TimeBaseInit  stm32f10x_tim.o
    0x08004bc4   0x0000016c   Code   RO         3116    i.Temperature_DataGet  main.o
    0x08004d30   0x000000a8   Code   RO         3698    i.Time_Auto_Regulate  bsp_rtc.o
    0x08004dd8   0x00000014   Code   RO         3699    i.Time_Display      bsp_rtc.o
    0x08004dec   0x00000018   Code   RO         3502    i.TimingDelay_Decrement  bsp_systick.o
    0x08004e04   0x00000410   Code   RO         3782    i.TrapRequest       aiderprotocol.o
    0x08005214   0x000006c4   Code   RO         3539    i.Treaty_Data_Analysis  gprs.o
    0x080058d8   0x000000a0   Code   RO         3310    i.UART4_IRQHandler  stm32f10x_it.o
    0x08005978   0x00000080   Code   RO         3436    i.UART_NVIC_Configuration  bsp_usart.o
    0x080059f8   0x000000c8   Code   RO         3437    i.USART1_Config     bsp_usart.o
    0x08005ac0   0x00000084   Code   RO         3311    i.USART1_IRQHandler  stm32f10x_it.o
    0x08005b44   0x000000b8   Code   RO         3438    i.USART2_Config     bsp_usart.o
    0x08005bfc   0x00000058   Code   RO         3439    i.USART2_DMA_Config  bsp_usart.o
    0x08005c54   0x00000090   Code   RO         3312    i.USART2_IRQHandler  stm32f10x_it.o
    0x08005ce4   0x000000c0   Code   RO         3440    i.USART3_Config     bsp_usart.o
    0x08005da4   0x00000002   Code   RO         3313    i.USART3_IRQHandler  stm32f10x_it.o
    0x08005da6   0x00000002   PAD
    0x08005da8   0x000000ac   Code   RO         3442    i.USART4_Config     bsp_usart.o
    0x08005e54   0x00000012   Code   RO         2874    i.USART_ClearFlag   stm32f10x_usart.o
    0x08005e66   0x0000001e   Code   RO         2875    i.USART_ClearITPendingBit  stm32f10x_usart.o
    0x08005e84   0x00000018   Code   RO         2878    i.USART_Cmd         stm32f10x_usart.o
    0x08005e9c   0x00000012   Code   RO         2879    i.USART_DMACmd      stm32f10x_usart.o
    0x08005eae   0x00000030   Code   RO         3540    i.USART_DataBlock_Send  gprs.o
    0x08005ede   0x0000001a   Code   RO         2881    i.USART_GetFlagStatus  stm32f10x_usart.o
    0x08005ef8   0x00000054   Code   RO         2882    i.USART_GetITStatus  stm32f10x_usart.o
    0x08005f4c   0x0000004a   Code   RO         2884    i.USART_ITConfig    stm32f10x_usart.o
    0x08005f96   0x00000002   PAD
    0x08005f98   0x000000d8   Code   RO         2885    i.USART_Init        stm32f10x_usart.o
    0x08006070   0x0000000a   Code   RO         2892    i.USART_ReceiveData  stm32f10x_usart.o
    0x0800607a   0x00000008   Code   RO         2895    i.USART_SendData    stm32f10x_usart.o
    0x08006082   0x0000002a   Code   RO         3976    i.UpdateNodeMsgCRC  433_wiminet.o
    0x080060ac   0x00000174   Code   RO         3541    i.UploadFlash       gprs.o
    0x08006220   0x00000038   Code   RO         3314    i.UsageFault_Handler  stm32f10x_it.o
    0x08006258   0x0000000c   Code   RO         3054    i.WWDG_ClearFlag    stm32f10x_wwdg.o
    0x08006264   0x00000010   Code   RO         3056    i.WWDG_Enable       stm32f10x_wwdg.o
    0x08006274   0x0000000c   Code   RO         3057    i.WWDG_EnableIT     stm32f10x_wwdg.o
    0x08006280   0x0000002c   Code   RO         3315    i.WWDG_IRQHandler   stm32f10x_it.o
    0x080062ac   0x00000060   Code   RO         3762    i.WWDG_Init         watchdog.o
    0x0800630c   0x00000010   Code   RO         3059    i.WWDG_SetCounter   stm32f10x_wwdg.o
    0x0800631c   0x00000018   Code   RO         3060    i.WWDG_SetPrescaler  stm32f10x_wwdg.o
    0x08006334   0x00000028   Code   RO         3061    i.WWDG_SetWindowValue  stm32f10x_wwdg.o
    0x0800635c   0x000001e4   Code   RO         3783    i.WakeupResponse    aiderprotocol.o
    0x08006540   0x00000020   Code   RO         4593    i.__0printf         mc_w.l(printfa.o)
    0x08006560   0x0000000e   Code   RO         4717    i.__scatterload_copy  mc_w.l(handlers.o)
    0x0800656e   0x00000002   Code   RO         4718    i.__scatterload_null  mc_w.l(handlers.o)
    0x08006570   0x0000000e   Code   RO         4719    i.__scatterload_zeroinit  mc_w.l(handlers.o)
    0x0800657e   0x00000002   PAD
    0x08006580   0x0000015c   Code   RO         4600    i._fp_digits        mc_w.l(printfa.o)
    0x080066dc   0x000006f0   Code   RO         4601    i._printf_core      mc_w.l(printfa.o)
    0x08006dcc   0x00000026   Code   RO         4602    i._printf_post_padding  mc_w.l(printfa.o)
    0x08006df2   0x00000030   Code   RO         4603    i._printf_pre_padding  mc_w.l(printfa.o)
    0x08006e22   0x00000016   Code   RO         4176    i.copy_data_ds2780  ds2780.o
    0x08006e38   0x00000024   Code   RO         3444    i.fputc             bsp_usart.o
    0x08006e5c   0x00000084   Code   RO         4177    i.get_ACR           ds2780.o
    0x08006ee0   0x00000050   Code   RO         4180    i.get_RAAC          ds2780.o
    0x08006f30   0x0000008c   Code   RO         4183    i.get_current       ds2780.o
    0x08006fbc   0x00000058   Code   RO         4186    i.get_voltage       ds2780.o
    0x08007014   0x000000f8   Code   RO         4155    i.gotoSleep         common.o
    0x0800710c   0x00000180   Code   RO         3118    i.main              main.o
    0x0800728c   0x00000084   Code   RO         3736    i.mktimev           bsp_date.o
    0x08007310   0x00000058   Code   RO         3543    i.mput_mix          gprs.o
    0x08007368   0x00000074   Code   RO         3544    i.mput_mix_sx1278   gprs.o
    0x080073dc   0x0000001a   Code   RO         4137    i.ntohl             api-platform.o
    0x080073f6   0x0000000c   Code   RO         4138    i.ntohs             api-platform.o
    0x08007402   0x00000002   PAD
    0x08007404   0x00000038   Code   RO         4187    i.read_bit          ds2780.o
    0x0800743c   0x00000022   Code   RO         4188    i.read_byte         ds2780.o
    0x0800745e   0x00000018   Code   RO         4189    i.read_byte_data    ds2780.o
    0x08007476   0x00000002   PAD
    0x08007478   0x00000044   Code   RO         4191    i.reset             ds2780.o
    0x080074bc   0x00000064   Code   RO         4192    i.set_ACR           ds2780.o
    0x08007520   0x000000cc   Code   RO         3737    i.to_tm             bsp_date.o
    0x080075ec   0x0000005c   Code   RO         4194    i.write_byte        ds2780.o
    0x08007648   0x0000001e   Code   RO         4195    i.write_data        ds2780.o
    0x08007666   0x0000002c   Code   RO         4196    i.write_ds2780_cmd  ds2780.o
    0x08007692   0x00000002   PAD
    0x08007694   0x00000034   Data   RO         3738    .constdata          bsp_date.o
    0x080076c8   0x00000020   Data   RO         4715    Region$$Table       anon$$obj.o


    Execution Region RW_IRAM1 (Base: 0x20000000, Size: 0x00000d70, Max: 0x0000c000, ABSOLUTE)

    Base Addr    Size         Type   Attr      Idx    E Section Name        Object

    0x20000000   0x00000014   Data   RW           28    .data               system_stm32f10x.o
    0x20000014   0x00000014   Data   RW         1738    .data               stm32f10x_rcc.o
    0x20000028   0x0000000d   Data   RW         3120    .data               main.o
    0x20000035   0x00000003   PAD
    0x20000038   0x00000004   Data   RW         3503    .data               bsp_systick.o
    0x2000003c   0x00000002   Data   RW         3546    .data               gprs.o
    0x2000003e   0x00000005   Data   RW         3662    .data               modbus.o
    0x20000043   0x00000001   PAD
    0x20000044   0x00000030   Data   RW         3739    .data               bsp_date.o
    0x20000074   0x00000001   Data   RW         3763    .data               watchdog.o
    0x20000075   0x00000003   PAD
    0x20000078   0x00000009   Data   RW         3838    .data               flash.o
    0x20000081   0x00000001   Data   RW         4197    .data               ds2780.o
    0x20000082   0x00000002   PAD
    0x20000084   0x00000004   Data   RW         4350    .data               mc_w.l(rand.o)
    0x20000088   0x00000004   Data   RW         4682    .data               mc_w.l(stdout.o)
    0x2000008c   0x000002f8   Zero   RW         3119    .bss                main.o
    0x20000384   0x0000012c   Zero   RW         3545    .bss                gprs.o
    0x200004b0   0x000000c8   Zero   RW         3661    .bss                modbus.o
    0x20000578   0x000003f5   Zero   RW         3784    .bss                aiderprotocol.o
    0x2000096d   0x00000003   PAD
    0x20000970   0x00000400   Zero   RW            1    STACK               startup_stm32f10x_hd.o


==============================================================================

Image component sizes


      Code (inc. data)   RO Data    RW Data    ZI Data      Debug   Object Name

      4644       1388          0          0          0      23969   433_wiminet.o
      3648        224          0          0       1013       7185   aiderprotocol.o
        38          0          0          0          0       1356   api-platform.o
       484         20         52         48          0       3085   bsp_date.o
       382         44          0          0          0       4480   bsp_rtc.o
       204         28          0          4          0      17921   bsp_systick.o
       122          4          0          0          0       1303   bsp_timbase.o
      1000         54          0          0          0       5054   bsp_usart.o
       248         56          0          0          0        708   common.o
         0          0          0          0          0       4212   core_cm3.o
      1960        318          0          1          0      12876   ds2780.o
      1642        338          0          9          0      11989   flash.o
      4730       1646          0          2        300      14632   gprs.o
      2164        534          0         13        760     216549   main.o
       136         24          0          0          0       1863   misc.o
         0          0          0          5        200       1464   modbus.o
        36          8        304          0       1024        892   startup_stm32f10x_hd.o
        84         16          0          0          0       3723   stm32f10x_bkp.o
        92          0          0          0          0       3766   stm32f10x_dma.o
       300          0          0          0          0       4176   stm32f10x_gpio.o
      1038        480          0          0          0       9358   stm32f10x_it.o
        76         22          0          0          0       1828   stm32f10x_pwr.o
       544         84          0         20          0      10840   stm32f10x_rcc.o
       268         50          0          0          0       6816   stm32f10x_rtc.o
       112          0          0          0          0       4462   stm32f10x_spi.o
       740        106          0          0          0       5727   stm32f10x_tim.o
       508          6          0          0          0       9080   stm32f10x_usart.o
       120         32          0          0          0       4471   stm32f10x_wwdg.o
       324         26          0         20          0     268857   system_stm32f10x.o
        96          6          0          1          0       1095   watchdog.o

    ----------------------------------------------------------------------
     25762       5514        388        132       3300     663737   Object Totals
         0          0         32          0          0          0   (incl. Generated)
        22          0          0          9          3          0   (incl. Padding)

    ----------------------------------------------------------------------

      Code (inc. data)   RO Data    RW Data    ZI Data      Debug   Library Member Name

         0          0          0          0          0          0   entry.o
         0          0          0          0          0          0   entry10a.o
         0          0          0          0          0          0   entry11a.o
         8          4          0          0          0          0   entry2.o
         4          0          0          0          0          0   entry5.o
         0          0          0          0          0          0   entry7b.o
         0          0          0          0          0          0   entry8b.o
         8          4          0          0          0          0   entry9a.o
        30          0          0          0          0          0   handlers.o
        36          8          0          0          0         68   init.o
         0          0          0          0          0          0   iusefp.o
        30          0          0          0          0         68   llshl.o
        36          0          0          0          0         68   llsshr.o
        32          0          0          0          0         68   llushr.o
        36          0          0          0          0         68   memcpya.o
        36          0          0          0          0        108   memseta.o
      2242         90          0          0          0        444   printfa.o
        36         10          0          4          0        136   rand.o
         0          0          0          4          0          0   stdout.o
        44          0          0          0          0         80   uidiv.o
        98          0          0          0          0         92   uldiv.o
        40          2          0          0          0         68   cdrcmple.o
       334          0          0          0          0        148   dadd.o
       222          0          0          0          0        100   ddiv.o
       190          0          0          0          0        176   depilogue.o
        50          0          0          0          0         76   dfixui.o
        48          0          0          0          0         68   dfixul.o
        34          0          0          0          0         76   dflti.o
        26          0          0          0          0         76   dfltui.o
       228          0          0          0          0         96   dmul.o
        38          0          0          0          0         68   f2d.o
       128          0          0          0          0         88   fdiv.o
       108          0          0          0          0        168   fepilogue.o
        40          0          0          0          0         68   ffixui.o
        18          0          0          0          0         68   fflti.o
       108          0          0          0          0         76   fmul.o

    ----------------------------------------------------------------------
      4290        118          0          8          0       2620   Library Totals
         2          0          0          0          0          0   (incl. Padding)

    ----------------------------------------------------------------------

      Code (inc. data)   RO Data    RW Data    ZI Data      Debug   Library Name

      2676        116          0          8          0       1200   mc_w.l
      1612          2          0          0          0       1420   mf_w.l

    ----------------------------------------------------------------------
      4290        118          0          8          0       2620   Library Totals

    ----------------------------------------------------------------------

==============================================================================


      Code (inc. data)   RO Data    RW Data    ZI Data      Debug   

     30052       5632        388        140       3300     655385   Grand Totals
     30052       5632        388        140       3300     655385   ELF Image Totals
     30052       5632        388        140          0          0   ROM Totals

==============================================================================

    Total RO  Size (Code + RO Data)                30440 (  29.73kB)
    Total RW  Size (RW Data + ZI Data)              3440 (   3.36kB)
    Total ROM Size (Code + RO Data + RW Data)      30580 (  29.86kB)

==============================================================================

